{
  "Entries": [
    {
      "RequestUri": "/subscriptions/0140911e-1040-48da-8bc9-b99fb3dd88a6/resourcegroups/ps4345?api-version=2016-09-01",
      "EncodedRequestUri": "L3N1YnNjcmlwdGlvbnMvMDE0MDkxMWUtMTA0MC00OGRhLThiYzktYjk5ZmIzZGQ4OGE2L3Jlc291cmNlZ3JvdXBzL3BzNDM0NT9hcGktdmVyc2lvbj0yMDE2LTA5LTAx",
      "RequestMethod": "PUT",
      "RequestBody": "{\r\n  \"location\": \"eastus\"\r\n}",
      "RequestHeaders": {
        "x-ms-client-request-id": [
          "578ae39f-cfbe-4820-921c-e3d432d2a902"
        ],
        "Accept-Language": [
          "en-US"
        ],
        "User-Agent": [
          "FxVersion/4.6.27817.01",
          "OSName/Windows",
          "OSVersion/Microsoft.Windows.10.0.17763.",
          "Microsoft.Azure.Management.Internal.Resources.ResourceManagementClient/1.3.2"
        ],
        "Content-Type": [
          "application/json; charset=utf-8"
        ],
        "Content-Length": [
          "28"
        ]
      },
      "ResponseHeaders": {
        "Cache-Control": [
          "no-cache"
        ],
        "Pragma": [
          "no-cache"
        ],
        "x-ms-ratelimit-remaining-subscription-writes": [
          "1199"
        ],
        "x-ms-request-id": [
          "0a8ee332-dcbe-4cc7-92d2-42d626a6a58f"
        ],
        "x-ms-correlation-request-id": [
          "0a8ee332-dcbe-4cc7-92d2-42d626a6a58f"
        ],
        "x-ms-routing-request-id": [
          "WESTUS:20190819T173906Z:0a8ee332-dcbe-4cc7-92d2-42d626a6a58f"
        ],
        "Strict-Transport-Security": [
          "max-age=31536000; includeSubDomains"
        ],
        "X-Content-Type-Options": [
          "nosniff"
        ],
        "Date": [
          "Mon, 19 Aug 2019 17:39:05 GMT"
        ],
        "Content-Length": [
          "165"
        ],
        "Content-Type": [
          "application/json; charset=utf-8"
        ],
        "Expires": [
          "-1"
        ]
      },
      "ResponseBody": "{\r\n  \"id\": \"/subscriptions/0140911e-1040-48da-8bc9-b99fb3dd88a6/resourceGroups/ps4345\",\r\n  \"name\": \"ps4345\",\r\n  \"location\": \"eastus\",\r\n  \"properties\": {\r\n    \"provisioningState\": \"Succeeded\"\r\n  }\r\n}",
      "StatusCode": 201
    },
    {
      "RequestUri": "/subscriptions/0140911e-1040-48da-8bc9-b99fb3dd88a6/resourceGroups/ps4345/providers/Microsoft.Network/networkSecurityGroups/ps4469?api-version=2019-06-01",
      "EncodedRequestUri": "L3N1YnNjcmlwdGlvbnMvMDE0MDkxMWUtMTA0MC00OGRhLThiYzktYjk5ZmIzZGQ4OGE2L3Jlc291cmNlR3JvdXBzL3BzNDM0NS9wcm92aWRlcnMvTWljcm9zb2Z0Lk5ldHdvcmsvbmV0d29ya1NlY3VyaXR5R3JvdXBzL3BzNDQ2OT9hcGktdmVyc2lvbj0yMDE5LTA2LTAx",
      "RequestMethod": "GET",
      "RequestBody": "",
      "RequestHeaders": {
        "x-ms-client-request-id": [
          "1f9dc42e-26ef-4353-93a6-bf4dd51d310b"
        ],
        "Accept-Language": [
          "en-US"
        ],
        "User-Agent": [
          "FxVersion/4.6.27817.01",
          "OSName/Windows",
          "OSVersion/Microsoft.Windows.10.0.17763.",
          "Microsoft.Azure.Management.Network.NetworkManagementClient/19.14.0.0"
        ]
      },
      "ResponseHeaders": {
        "Cache-Control": [
          "no-cache"
        ],
        "Pragma": [
          "no-cache"
        ],
        "x-ms-failure-cause": [
          "gateway"
        ],
        "x-ms-request-id": [
          "90f47e2d-457f-48f8-98f6-597167d7b919"
        ],
        "x-ms-correlation-request-id": [
          "90f47e2d-457f-48f8-98f6-597167d7b919"
        ],
        "x-ms-routing-request-id": [
          "WESTUS:20190819T173906Z:90f47e2d-457f-48f8-98f6-597167d7b919"
        ],
        "Strict-Transport-Security": [
          "max-age=31536000; includeSubDomains"
        ],
        "X-Content-Type-Options": [
          "nosniff"
        ],
        "Date": [
          "Mon, 19 Aug 2019 17:39:06 GMT"
        ],
        "Content-Type": [
          "application/json; charset=utf-8"
        ],
        "Expires": [
          "-1"
        ],
        "Content-Length": [
          "156"
        ]
      },
      "ResponseBody": "{\r\n  \"error\": {\r\n    \"code\": \"ResourceNotFound\",\r\n    \"message\": \"The Resource 'Microsoft.Network/networkSecurityGroups/ps4469' under resource group 'ps4345' was not found.\"\r\n  }\r\n}",
      "StatusCode": 404
    },
    {
      "RequestUri": "/subscriptions/0140911e-1040-48da-8bc9-b99fb3dd88a6/resourceGroups/ps4345/providers/Microsoft.Network/networkSecurityGroups/ps4469?api-version=2019-06-01",
      "EncodedRequestUri": "L3N1YnNjcmlwdGlvbnMvMDE0MDkxMWUtMTA0MC00OGRhLThiYzktYjk5ZmIzZGQ4OGE2L3Jlc291cmNlR3JvdXBzL3BzNDM0NS9wcm92aWRlcnMvTWljcm9zb2Z0Lk5ldHdvcmsvbmV0d29ya1NlY3VyaXR5R3JvdXBzL3BzNDQ2OT9hcGktdmVyc2lvbj0yMDE5LTA2LTAx",
      "RequestMethod": "GET",
      "RequestBody": "",
      "RequestHeaders": {
        "User-Agent": [
          "FxVersion/4.6.27817.01",
          "OSName/Windows",
          "OSVersion/Microsoft.Windows.10.0.17763.",
          "Microsoft.Azure.Management.Network.NetworkManagementClient/19.14.0.0"
        ]
      },
      "ResponseHeaders": {
        "Cache-Control": [
          "no-cache"
        ],
        "Pragma": [
          "no-cache"
        ],
        "ETag": [
          "W/\"52ecd797-b60d-4edf-96e2-49c30751f0d4\""
        ],
        "x-ms-request-id": [
          "d53fb110-ff6d-4132-aa81-beb633fd6376"
        ],
        "x-ms-correlation-request-id": [
          "b0f07e97-6390-40d1-831f-7cbe2774d96e"
        ],
        "x-ms-arm-service-request-id": [
          "c69a1f20-96ec-4467-9b6d-fa991d1e2062"
        ],
        "Strict-Transport-Security": [
          "max-age=31536000; includeSubDomains"
        ],
        "Server": [
          "Microsoft-HTTPAPI/2.0",
          "Microsoft-HTTPAPI/2.0"
        ],
        "x-ms-ratelimit-remaining-subscription-reads": [
          "11997"
        ],
        "x-ms-routing-request-id": [
          "WESTUS:20190819T173913Z:b0f07e97-6390-40d1-831f-7cbe2774d96e"
        ],
        "X-Content-Type-Options": [
          "nosniff"
        ],
        "Date": [
          "Mon, 19 Aug 2019 17:39:13 GMT"
        ],
        "Content-Length": [
          "6465"
        ],
        "Content-Type": [
          "application/json; charset=utf-8"
        ],
        "Expires": [
          "-1"
        ]
      },
      "ResponseBody": "{\r\n  \"name\": \"ps4469\",\r\n  \"id\": \"/subscriptions/0140911e-1040-48da-8bc9-b99fb3dd88a6/resourceGroups/ps4345/providers/Microsoft.Network/networkSecurityGroups/ps4469\",\r\n  \"etag\": \"W/\\\"52ecd797-b60d-4edf-96e2-49c30751f0d4\\\"\",\r\n  \"type\": \"Microsoft.Network/networkSecurityGroups\",\r\n  \"location\": \"westus\",\r\n  \"properties\": {\r\n    \"provisioningState\": \"Succeeded\",\r\n    \"resourceGuid\": \"e065c620-4f87-4f38-b9b5-8977a1472e90\",\r\n    \"securityRules\": [],\r\n    \"defaultSecurityRules\": [\r\n      {\r\n        \"name\": \"AllowVnetInBound\",\r\n        \"id\": \"/subscriptions/0140911e-1040-48da-8bc9-b99fb3dd88a6/resourceGroups/ps4345/providers/Microsoft.Network/networkSecurityGroups/ps4469/defaultSecurityRules/AllowVnetInBound\",\r\n        \"etag\": \"W/\\\"52ecd797-b60d-4edf-96e2-49c30751f0d4\\\"\",\r\n        \"type\": \"Microsoft.Network/networkSecurityGroups/defaultSecurityRules\",\r\n        \"properties\": {\r\n          \"provisioningState\": \"Succeeded\",\r\n          \"description\": \"Allow inbound traffic from all VMs in VNET\",\r\n          \"protocol\": \"*\",\r\n          \"sourcePortRange\": \"*\",\r\n          \"destinationPortRange\": \"*\",\r\n          \"sourceAddressPrefix\": \"VirtualNetwork\",\r\n          \"destinationAddressPrefix\": \"VirtualNetwork\",\r\n          \"access\": \"Allow\",\r\n          \"priority\": 65000,\r\n          \"direction\": \"Inbound\",\r\n          \"sourcePortRanges\": [],\r\n          \"destinationPortRanges\": [],\r\n          \"sourceAddressPrefixes\": [],\r\n          \"destinationAddressPrefixes\": []\r\n        }\r\n      },\r\n      {\r\n        \"name\": \"AllowAzureLoadBalancerInBound\",\r\n        \"id\": \"/subscriptions/0140911e-1040-48da-8bc9-b99fb3dd88a6/resourceGroups/ps4345/providers/Microsoft.Network/networkSecurityGroups/ps4469/defaultSecurityRules/AllowAzureLoadBalancerInBound\",\r\n        \"etag\": \"W/\\\"52ecd797-b60d-4edf-96e2-49c30751f0d4\\\"\",\r\n        \"type\": \"Microsoft.Network/networkSecurityGroups/defaultSecurityRules\",\r\n        \"properties\": {\r\n          \"provisioningState\": \"Succeeded\",\r\n          \"description\": \"Allow inbound traffic from azure load balancer\",\r\n          \"protocol\": \"*\",\r\n          \"sourcePortRange\": \"*\",\r\n          \"destinationPortRange\": \"*\",\r\n          \"sourceAddressPrefix\": \"AzureLoadBalancer\",\r\n          \"destinationAddressPrefix\": \"*\",\r\n          \"access\": \"Allow\",\r\n          \"priority\": 65001,\r\n          \"direction\": \"Inbound\",\r\n          \"sourcePortRanges\": [],\r\n          \"destinationPortRanges\": [],\r\n          \"sourceAddressPrefixes\": [],\r\n          \"destinationAddressPrefixes\": []\r\n        }\r\n      },\r\n      {\r\n        \"name\": \"DenyAllInBound\",\r\n        \"id\": \"/subscriptions/0140911e-1040-48da-8bc9-b99fb3dd88a6/resourceGroups/ps4345/providers/Microsoft.Network/networkSecurityGroups/ps4469/defaultSecurityRules/DenyAllInBound\",\r\n        \"etag\": \"W/\\\"52ecd797-b60d-4edf-96e2-49c30751f0d4\\\"\",\r\n        \"type\": \"Microsoft.Network/networkSecurityGroups/defaultSecurityRules\",\r\n        \"properties\": {\r\n          \"provisioningState\": \"Succeeded\",\r\n          \"description\": \"Deny all inbound traffic\",\r\n          \"protocol\": \"*\",\r\n          \"sourcePortRange\": \"*\",\r\n          \"destinationPortRange\": \"*\",\r\n          \"sourceAddressPrefix\": \"*\",\r\n          \"destinationAddressPrefix\": \"*\",\r\n          \"access\": \"Deny\",\r\n          \"priority\": 65500,\r\n          \"direction\": \"Inbound\",\r\n          \"sourcePortRanges\": [],\r\n          \"destinationPortRanges\": [],\r\n          \"sourceAddressPrefixes\": [],\r\n          \"destinationAddressPrefixes\": []\r\n        }\r\n      },\r\n      {\r\n        \"name\": \"AllowVnetOutBound\",\r\n        \"id\": \"/subscriptions/0140911e-1040-48da-8bc9-b99fb3dd88a6/resourceGroups/ps4345/providers/Microsoft.Network/networkSecurityGroups/ps4469/defaultSecurityRules/AllowVnetOutBound\",\r\n        \"etag\": \"W/\\\"52ecd797-b60d-4edf-96e2-49c30751f0d4\\\"\",\r\n        \"type\": \"Microsoft.Network/networkSecurityGroups/defaultSecurityRules\",\r\n        \"properties\": {\r\n          \"provisioningState\": \"Succeeded\",\r\n          \"description\": \"Allow outbound traffic from all VMs to all VMs in VNET\",\r\n          \"protocol\": \"*\",\r\n          \"sourcePortRange\": \"*\",\r\n          \"destinationPortRange\": \"*\",\r\n          \"sourceAddressPrefix\": \"VirtualNetwork\",\r\n          \"destinationAddressPrefix\": \"VirtualNetwork\",\r\n          \"access\": \"Allow\",\r\n          \"priority\": 65000,\r\n          \"direction\": \"Outbound\",\r\n          \"sourcePortRanges\": [],\r\n          \"destinationPortRanges\": [],\r\n          \"sourceAddressPrefixes\": [],\r\n          \"destinationAddressPrefixes\": []\r\n        }\r\n      },\r\n      {\r\n        \"name\": \"AllowInternetOutBound\",\r\n        \"id\": \"/subscriptions/0140911e-1040-48da-8bc9-b99fb3dd88a6/resourceGroups/ps4345/providers/Microsoft.Network/networkSecurityGroups/ps4469/defaultSecurityRules/AllowInternetOutBound\",\r\n        \"etag\": \"W/\\\"52ecd797-b60d-4edf-96e2-49c30751f0d4\\\"\",\r\n        \"type\": \"Microsoft.Network/networkSecurityGroups/defaultSecurityRules\",\r\n        \"properties\": {\r\n          \"provisioningState\": \"Succeeded\",\r\n          \"description\": \"Allow outbound traffic from all VMs to Internet\",\r\n          \"protocol\": \"*\",\r\n          \"sourcePortRange\": \"*\",\r\n          \"destinationPortRange\": \"*\",\r\n          \"sourceAddressPrefix\": \"*\",\r\n          \"destinationAddressPrefix\": \"Internet\",\r\n          \"access\": \"Allow\",\r\n          \"priority\": 65001,\r\n          \"direction\": \"Outbound\",\r\n          \"sourcePortRanges\": [],\r\n          \"destinationPortRanges\": [],\r\n          \"sourceAddressPrefixes\": [],\r\n          \"destinationAddressPrefixes\": []\r\n        }\r\n      },\r\n      {\r\n        \"name\": \"DenyAllOutBound\",\r\n        \"id\": \"/subscriptions/0140911e-1040-48da-8bc9-b99fb3dd88a6/resourceGroups/ps4345/providers/Microsoft.Network/networkSecurityGroups/ps4469/defaultSecurityRules/DenyAllOutBound\",\r\n        \"etag\": \"W/\\\"52ecd797-b60d-4edf-96e2-49c30751f0d4\\\"\",\r\n        \"type\": \"Microsoft.Network/networkSecurityGroups/defaultSecurityRules\",\r\n        \"properties\": {\r\n          \"provisioningState\": \"Succeeded\",\r\n          \"description\": \"Deny all outbound traffic\",\r\n          \"protocol\": \"*\",\r\n          \"sourcePortRange\": \"*\",\r\n          \"destinationPortRange\": \"*\",\r\n          \"sourceAddressPrefix\": \"*\",\r\n          \"destinationAddressPrefix\": \"*\",\r\n          \"access\": \"Deny\",\r\n          \"priority\": 65500,\r\n          \"direction\": \"Outbound\",\r\n          \"sourcePortRanges\": [],\r\n          \"destinationPortRanges\": [],\r\n          \"sourceAddressPrefixes\": [],\r\n          \"destinationAddressPrefixes\": []\r\n        }\r\n      }\r\n    ]\r\n  }\r\n}",
      "StatusCode": 200
    },
    {
      "RequestUri": "/subscriptions/0140911e-1040-48da-8bc9-b99fb3dd88a6/resourceGroups/ps4345/providers/Microsoft.Network/networkSecurityGroups/ps4469?api-version=2019-06-01",
      "EncodedRequestUri": "L3N1YnNjcmlwdGlvbnMvMDE0MDkxMWUtMTA0MC00OGRhLThiYzktYjk5ZmIzZGQ4OGE2L3Jlc291cmNlR3JvdXBzL3BzNDM0NS9wcm92aWRlcnMvTWljcm9zb2Z0Lk5ldHdvcmsvbmV0d29ya1NlY3VyaXR5R3JvdXBzL3BzNDQ2OT9hcGktdmVyc2lvbj0yMDE5LTA2LTAx",
      "RequestMethod": "GET",
      "RequestBody": "",
      "RequestHeaders": {
        "x-ms-client-request-id": [
          "85057171-278b-4791-8dfd-cfe59783e7d0"
        ],
        "Accept-Language": [
          "en-US"
        ],
        "User-Agent": [
          "FxVersion/4.6.27817.01",
          "OSName/Windows",
          "OSVersion/Microsoft.Windows.10.0.17763.",
          "Microsoft.Azure.Management.Network.NetworkManagementClient/19.14.0.0"
        ]
      },
      "ResponseHeaders": {
        "Cache-Control": [
          "no-cache"
        ],
        "Pragma": [
          "no-cache"
        ],
        "ETag": [
          "W/\"52ecd797-b60d-4edf-96e2-49c30751f0d4\""
        ],
        "x-ms-request-id": [
          "74cc90bb-c708-4117-92d6-9cf8d55986f5"
        ],
        "x-ms-correlation-request-id": [
          "d7718864-5461-4eb2-a229-0a227468456a"
        ],
        "x-ms-arm-service-request-id": [
          "5c5a5c84-ecef-4d4a-9756-b1ce64cbb610"
        ],
        "Strict-Transport-Security": [
          "max-age=31536000; includeSubDomains"
        ],
        "Server": [
          "Microsoft-HTTPAPI/2.0",
          "Microsoft-HTTPAPI/2.0"
        ],
        "x-ms-ratelimit-remaining-subscription-reads": [
          "11996"
        ],
        "x-ms-routing-request-id": [
          "WESTUS:20190819T173913Z:d7718864-5461-4eb2-a229-0a227468456a"
        ],
        "X-Content-Type-Options": [
          "nosniff"
        ],
        "Date": [
          "Mon, 19 Aug 2019 17:39:13 GMT"
        ],
        "Content-Length": [
          "6465"
        ],
        "Content-Type": [
          "application/json; charset=utf-8"
        ],
        "Expires": [
          "-1"
        ]
      },
      "ResponseBody": "{\r\n  \"name\": \"ps4469\",\r\n  \"id\": \"/subscriptions/0140911e-1040-48da-8bc9-b99fb3dd88a6/resourceGroups/ps4345/providers/Microsoft.Network/networkSecurityGroups/ps4469\",\r\n  \"etag\": \"W/\\\"52ecd797-b60d-4edf-96e2-49c30751f0d4\\\"\",\r\n  \"type\": \"Microsoft.Network/networkSecurityGroups\",\r\n  \"location\": \"westus\",\r\n  \"properties\": {\r\n    \"provisioningState\": \"Succeeded\",\r\n    \"resourceGuid\": \"e065c620-4f87-4f38-b9b5-8977a1472e90\",\r\n    \"securityRules\": [],\r\n    \"defaultSecurityRules\": [\r\n      {\r\n        \"name\": \"AllowVnetInBound\",\r\n        \"id\": \"/subscriptions/0140911e-1040-48da-8bc9-b99fb3dd88a6/resourceGroups/ps4345/providers/Microsoft.Network/networkSecurityGroups/ps4469/defaultSecurityRules/AllowVnetInBound\",\r\n        \"etag\": \"W/\\\"52ecd797-b60d-4edf-96e2-49c30751f0d4\\\"\",\r\n        \"type\": \"Microsoft.Network/networkSecurityGroups/defaultSecurityRules\",\r\n        \"properties\": {\r\n          \"provisioningState\": \"Succeeded\",\r\n          \"description\": \"Allow inbound traffic from all VMs in VNET\",\r\n          \"protocol\": \"*\",\r\n          \"sourcePortRange\": \"*\",\r\n          \"destinationPortRange\": \"*\",\r\n          \"sourceAddressPrefix\": \"VirtualNetwork\",\r\n          \"destinationAddressPrefix\": \"VirtualNetwork\",\r\n          \"access\": \"Allow\",\r\n          \"priority\": 65000,\r\n          \"direction\": \"Inbound\",\r\n          \"sourcePortRanges\": [],\r\n          \"destinationPortRanges\": [],\r\n          \"sourceAddressPrefixes\": [],\r\n          \"destinationAddressPrefixes\": []\r\n        }\r\n      },\r\n      {\r\n        \"name\": \"AllowAzureLoadBalancerInBound\",\r\n        \"id\": \"/subscriptions/0140911e-1040-48da-8bc9-b99fb3dd88a6/resourceGroups/ps4345/providers/Microsoft.Network/networkSecurityGroups/ps4469/defaultSecurityRules/AllowAzureLoadBalancerInBound\",\r\n        \"etag\": \"W/\\\"52ecd797-b60d-4edf-96e2-49c30751f0d4\\\"\",\r\n        \"type\": \"Microsoft.Network/networkSecurityGroups/defaultSecurityRules\",\r\n        \"properties\": {\r\n          \"provisioningState\": \"Succeeded\",\r\n          \"description\": \"Allow inbound traffic from azure load balancer\",\r\n          \"protocol\": \"*\",\r\n          \"sourcePortRange\": \"*\",\r\n          \"destinationPortRange\": \"*\",\r\n          \"sourceAddressPrefix\": \"AzureLoadBalancer\",\r\n          \"destinationAddressPrefix\": \"*\",\r\n          \"access\": \"Allow\",\r\n          \"priority\": 65001,\r\n          \"direction\": \"Inbound\",\r\n          \"sourcePortRanges\": [],\r\n          \"destinationPortRanges\": [],\r\n          \"sourceAddressPrefixes\": [],\r\n          \"destinationAddressPrefixes\": []\r\n        }\r\n      },\r\n      {\r\n        \"name\": \"DenyAllInBound\",\r\n        \"id\": \"/subscriptions/0140911e-1040-48da-8bc9-b99fb3dd88a6/resourceGroups/ps4345/providers/Microsoft.Network/networkSecurityGroups/ps4469/defaultSecurityRules/DenyAllInBound\",\r\n        \"etag\": \"W/\\\"52ecd797-b60d-4edf-96e2-49c30751f0d4\\\"\",\r\n        \"type\": \"Microsoft.Network/networkSecurityGroups/defaultSecurityRules\",\r\n        \"properties\": {\r\n          \"provisioningState\": \"Succeeded\",\r\n          \"description\": \"Deny all inbound traffic\",\r\n          \"protocol\": \"*\",\r\n          \"sourcePortRange\": \"*\",\r\n          \"destinationPortRange\": \"*\",\r\n          \"sourceAddressPrefix\": \"*\",\r\n          \"destinationAddressPrefix\": \"*\",\r\n          \"access\": \"Deny\",\r\n          \"priority\": 65500,\r\n          \"direction\": \"Inbound\",\r\n          \"sourcePortRanges\": [],\r\n          \"destinationPortRanges\": [],\r\n          \"sourceAddressPrefixes\": [],\r\n          \"destinationAddressPrefixes\": []\r\n        }\r\n      },\r\n      {\r\n        \"name\": \"AllowVnetOutBound\",\r\n        \"id\": \"/subscriptions/0140911e-1040-48da-8bc9-b99fb3dd88a6/resourceGroups/ps4345/providers/Microsoft.Network/networkSecurityGroups/ps4469/defaultSecurityRules/AllowVnetOutBound\",\r\n        \"etag\": \"W/\\\"52ecd797-b60d-4edf-96e2-49c30751f0d4\\\"\",\r\n        \"type\": \"Microsoft.Network/networkSecurityGroups/defaultSecurityRules\",\r\n        \"properties\": {\r\n          \"provisioningState\": \"Succeeded\",\r\n          \"description\": \"Allow outbound traffic from all VMs to all VMs in VNET\",\r\n          \"protocol\": \"*\",\r\n          \"sourcePortRange\": \"*\",\r\n          \"destinationPortRange\": \"*\",\r\n          \"sourceAddressPrefix\": \"VirtualNetwork\",\r\n          \"destinationAddressPrefix\": \"VirtualNetwork\",\r\n          \"access\": \"Allow\",\r\n          \"priority\": 65000,\r\n          \"direction\": \"Outbound\",\r\n          \"sourcePortRanges\": [],\r\n          \"destinationPortRanges\": [],\r\n          \"sourceAddressPrefixes\": [],\r\n          \"destinationAddressPrefixes\": []\r\n        }\r\n      },\r\n      {\r\n        \"name\": \"AllowInternetOutBound\",\r\n        \"id\": \"/subscriptions/0140911e-1040-48da-8bc9-b99fb3dd88a6/resourceGroups/ps4345/providers/Microsoft.Network/networkSecurityGroups/ps4469/defaultSecurityRules/AllowInternetOutBound\",\r\n        \"etag\": \"W/\\\"52ecd797-b60d-4edf-96e2-49c30751f0d4\\\"\",\r\n        \"type\": \"Microsoft.Network/networkSecurityGroups/defaultSecurityRules\",\r\n        \"properties\": {\r\n          \"provisioningState\": \"Succeeded\",\r\n          \"description\": \"Allow outbound traffic from all VMs to Internet\",\r\n          \"protocol\": \"*\",\r\n          \"sourcePortRange\": \"*\",\r\n          \"destinationPortRange\": \"*\",\r\n          \"sourceAddressPrefix\": \"*\",\r\n          \"destinationAddressPrefix\": \"Internet\",\r\n          \"access\": \"Allow\",\r\n          \"priority\": 65001,\r\n          \"direction\": \"Outbound\",\r\n          \"sourcePortRanges\": [],\r\n          \"destinationPortRanges\": [],\r\n          \"sourceAddressPrefixes\": [],\r\n          \"destinationAddressPrefixes\": []\r\n        }\r\n      },\r\n      {\r\n        \"name\": \"DenyAllOutBound\",\r\n        \"id\": \"/subscriptions/0140911e-1040-48da-8bc9-b99fb3dd88a6/resourceGroups/ps4345/providers/Microsoft.Network/networkSecurityGroups/ps4469/defaultSecurityRules/DenyAllOutBound\",\r\n        \"etag\": \"W/\\\"52ecd797-b60d-4edf-96e2-49c30751f0d4\\\"\",\r\n        \"type\": \"Microsoft.Network/networkSecurityGroups/defaultSecurityRules\",\r\n        \"properties\": {\r\n          \"provisioningState\": \"Succeeded\",\r\n          \"description\": \"Deny all outbound traffic\",\r\n          \"protocol\": \"*\",\r\n          \"sourcePortRange\": \"*\",\r\n          \"destinationPortRange\": \"*\",\r\n          \"sourceAddressPrefix\": \"*\",\r\n          \"destinationAddressPrefix\": \"*\",\r\n          \"access\": \"Deny\",\r\n          \"priority\": 65500,\r\n          \"direction\": \"Outbound\",\r\n          \"sourcePortRanges\": [],\r\n          \"destinationPortRanges\": [],\r\n          \"sourceAddressPrefixes\": [],\r\n          \"destinationAddressPrefixes\": []\r\n        }\r\n      }\r\n    ]\r\n  }\r\n}",
      "StatusCode": 200
    },
    {
      "RequestUri": "/subscriptions/0140911e-1040-48da-8bc9-b99fb3dd88a6/resourceGroups/ps4345/providers/Microsoft.Network/networkSecurityGroups/ps4469?api-version=2019-06-01",
      "EncodedRequestUri": "L3N1YnNjcmlwdGlvbnMvMDE0MDkxMWUtMTA0MC00OGRhLThiYzktYjk5ZmIzZGQ4OGE2L3Jlc291cmNlR3JvdXBzL3BzNDM0NS9wcm92aWRlcnMvTWljcm9zb2Z0Lk5ldHdvcmsvbmV0d29ya1NlY3VyaXR5R3JvdXBzL3BzNDQ2OT9hcGktdmVyc2lvbj0yMDE5LTA2LTAx",
      "RequestMethod": "PUT",
      "RequestBody": "{\r\n  \"properties\": {\r\n    \"securityRules\": [],\r\n    \"defaultSecurityRules\": []\r\n  },\r\n  \"location\": \"westus\"\r\n}",
      "RequestHeaders": {
        "x-ms-client-request-id": [
          "f3e0851f-26c8-4d4a-9606-17bcaac872dd"
        ],
        "Accept-Language": [
          "en-US"
        ],
        "User-Agent": [
          "FxVersion/4.6.27817.01",
          "OSName/Windows",
          "OSVersion/Microsoft.Windows.10.0.17763.",
          "Microsoft.Azure.Management.Network.NetworkManagementClient/19.14.0.0"
        ],
        "Content-Type": [
          "application/json; charset=utf-8"
        ],
        "Content-Length": [
          "111"
        ]
      },
      "ResponseHeaders": {
        "Cache-Control": [
          "no-cache"
        ],
        "Pragma": [
          "no-cache"
        ],
        "Retry-After": [
          "3"
        ],
        "x-ms-request-id": [
          "c08ea8a6-1d48-46f2-824a-759b55977e1f"
        ],
        "Azure-AsyncOperation": [
          "https://management.azure.com/subscriptions/0140911e-1040-48da-8bc9-b99fb3dd88a6/providers/Microsoft.Network/locations/westus/operations/c08ea8a6-1d48-46f2-824a-759b55977e1f?api-version=2019-06-01"
        ],
        "x-ms-correlation-request-id": [
          "134d6bca-f22d-4cab-839e-04de51d0a870"
        ],
        "x-ms-arm-service-request-id": [
          "9992c5a5-4b95-4cfa-bbbe-3e15d218644a"
        ],
        "Strict-Transport-Security": [
          "max-age=31536000; includeSubDomains"
        ],
        "Server": [
          "Microsoft-HTTPAPI/2.0",
          "Microsoft-HTTPAPI/2.0"
        ],
        "x-ms-ratelimit-remaining-subscription-writes": [
          "1199"
        ],
        "x-ms-routing-request-id": [
          "WESTUS:20190819T173910Z:134d6bca-f22d-4cab-839e-04de51d0a870"
        ],
        "X-Content-Type-Options": [
          "nosniff"
        ],
        "Date": [
          "Mon, 19 Aug 2019 17:39:09 GMT"
        ],
        "Content-Length": [
          "6458"
        ],
        "Content-Type": [
          "application/json; charset=utf-8"
        ],
        "Expires": [
          "-1"
        ]
      },
      "ResponseBody": "{\r\n  \"name\": \"ps4469\",\r\n  \"id\": \"/subscriptions/0140911e-1040-48da-8bc9-b99fb3dd88a6/resourceGroups/ps4345/providers/Microsoft.Network/networkSecurityGroups/ps4469\",\r\n  \"etag\": \"W/\\\"962b3ff9-dfd3-4f05-be7e-809160d88360\\\"\",\r\n  \"type\": \"Microsoft.Network/networkSecurityGroups\",\r\n  \"location\": \"westus\",\r\n  \"properties\": {\r\n    \"provisioningState\": \"Updating\",\r\n    \"resourceGuid\": \"e065c620-4f87-4f38-b9b5-8977a1472e90\",\r\n    \"securityRules\": [],\r\n    \"defaultSecurityRules\": [\r\n      {\r\n        \"name\": \"AllowVnetInBound\",\r\n        \"id\": \"/subscriptions/0140911e-1040-48da-8bc9-b99fb3dd88a6/resourceGroups/ps4345/providers/Microsoft.Network/networkSecurityGroups/ps4469/defaultSecurityRules/AllowVnetInBound\",\r\n        \"etag\": \"W/\\\"962b3ff9-dfd3-4f05-be7e-809160d88360\\\"\",\r\n        \"type\": \"Microsoft.Network/networkSecurityGroups/defaultSecurityRules\",\r\n        \"properties\": {\r\n          \"provisioningState\": \"Updating\",\r\n          \"description\": \"Allow inbound traffic from all VMs in VNET\",\r\n          \"protocol\": \"*\",\r\n          \"sourcePortRange\": \"*\",\r\n          \"destinationPortRange\": \"*\",\r\n          \"sourceAddressPrefix\": \"VirtualNetwork\",\r\n          \"destinationAddressPrefix\": \"VirtualNetwork\",\r\n          \"access\": \"Allow\",\r\n          \"priority\": 65000,\r\n          \"direction\": \"Inbound\",\r\n          \"sourcePortRanges\": [],\r\n          \"destinationPortRanges\": [],\r\n          \"sourceAddressPrefixes\": [],\r\n          \"destinationAddressPrefixes\": []\r\n        }\r\n      },\r\n      {\r\n        \"name\": \"AllowAzureLoadBalancerInBound\",\r\n        \"id\": \"/subscriptions/0140911e-1040-48da-8bc9-b99fb3dd88a6/resourceGroups/ps4345/providers/Microsoft.Network/networkSecurityGroups/ps4469/defaultSecurityRules/AllowAzureLoadBalancerInBound\",\r\n        \"etag\": \"W/\\\"962b3ff9-dfd3-4f05-be7e-809160d88360\\\"\",\r\n        \"type\": \"Microsoft.Network/networkSecurityGroups/defaultSecurityRules\",\r\n        \"properties\": {\r\n          \"provisioningState\": \"Updating\",\r\n          \"description\": \"Allow inbound traffic from azure load balancer\",\r\n          \"protocol\": \"*\",\r\n          \"sourcePortRange\": \"*\",\r\n          \"destinationPortRange\": \"*\",\r\n          \"sourceAddressPrefix\": \"AzureLoadBalancer\",\r\n          \"destinationAddressPrefix\": \"*\",\r\n          \"access\": \"Allow\",\r\n          \"priority\": 65001,\r\n          \"direction\": \"Inbound\",\r\n          \"sourcePortRanges\": [],\r\n          \"destinationPortRanges\": [],\r\n          \"sourceAddressPrefixes\": [],\r\n          \"destinationAddressPrefixes\": []\r\n        }\r\n      },\r\n      {\r\n        \"name\": \"DenyAllInBound\",\r\n        \"id\": \"/subscriptions/0140911e-1040-48da-8bc9-b99fb3dd88a6/resourceGroups/ps4345/providers/Microsoft.Network/networkSecurityGroups/ps4469/defaultSecurityRules/DenyAllInBound\",\r\n        \"etag\": \"W/\\\"962b3ff9-dfd3-4f05-be7e-809160d88360\\\"\",\r\n        \"type\": \"Microsoft.Network/networkSecurityGroups/defaultSecurityRules\",\r\n        \"properties\": {\r\n          \"provisioningState\": \"Updating\",\r\n          \"description\": \"Deny all inbound traffic\",\r\n          \"protocol\": \"*\",\r\n          \"sourcePortRange\": \"*\",\r\n          \"destinationPortRange\": \"*\",\r\n          \"sourceAddressPrefix\": \"*\",\r\n          \"destinationAddressPrefix\": \"*\",\r\n          \"access\": \"Deny\",\r\n          \"priority\": 65500,\r\n          \"direction\": \"Inbound\",\r\n          \"sourcePortRanges\": [],\r\n          \"destinationPortRanges\": [],\r\n          \"sourceAddressPrefixes\": [],\r\n          \"destinationAddressPrefixes\": []\r\n        }\r\n      },\r\n      {\r\n        \"name\": \"AllowVnetOutBound\",\r\n        \"id\": \"/subscriptions/0140911e-1040-48da-8bc9-b99fb3dd88a6/resourceGroups/ps4345/providers/Microsoft.Network/networkSecurityGroups/ps4469/defaultSecurityRules/AllowVnetOutBound\",\r\n        \"etag\": \"W/\\\"962b3ff9-dfd3-4f05-be7e-809160d88360\\\"\",\r\n        \"type\": \"Microsoft.Network/networkSecurityGroups/defaultSecurityRules\",\r\n        \"properties\": {\r\n          \"provisioningState\": \"Updating\",\r\n          \"description\": \"Allow outbound traffic from all VMs to all VMs in VNET\",\r\n          \"protocol\": \"*\",\r\n          \"sourcePortRange\": \"*\",\r\n          \"destinationPortRange\": \"*\",\r\n          \"sourceAddressPrefix\": \"VirtualNetwork\",\r\n          \"destinationAddressPrefix\": \"VirtualNetwork\",\r\n          \"access\": \"Allow\",\r\n          \"priority\": 65000,\r\n          \"direction\": \"Outbound\",\r\n          \"sourcePortRanges\": [],\r\n          \"destinationPortRanges\": [],\r\n          \"sourceAddressPrefixes\": [],\r\n          \"destinationAddressPrefixes\": []\r\n        }\r\n      },\r\n      {\r\n        \"name\": \"AllowInternetOutBound\",\r\n        \"id\": \"/subscriptions/0140911e-1040-48da-8bc9-b99fb3dd88a6/resourceGroups/ps4345/providers/Microsoft.Network/networkSecurityGroups/ps4469/defaultSecurityRules/AllowInternetOutBound\",\r\n        \"etag\": \"W/\\\"962b3ff9-dfd3-4f05-be7e-809160d88360\\\"\",\r\n        \"type\": \"Microsoft.Network/networkSecurityGroups/defaultSecurityRules\",\r\n        \"properties\": {\r\n          \"provisioningState\": \"Updating\",\r\n          \"description\": \"Allow outbound traffic from all VMs to Internet\",\r\n          \"protocol\": \"*\",\r\n          \"sourcePortRange\": \"*\",\r\n          \"destinationPortRange\": \"*\",\r\n          \"sourceAddressPrefix\": \"*\",\r\n          \"destinationAddressPrefix\": \"Internet\",\r\n          \"access\": \"Allow\",\r\n          \"priority\": 65001,\r\n          \"direction\": \"Outbound\",\r\n          \"sourcePortRanges\": [],\r\n          \"destinationPortRanges\": [],\r\n          \"sourceAddressPrefixes\": [],\r\n          \"destinationAddressPrefixes\": []\r\n        }\r\n      },\r\n      {\r\n        \"name\": \"DenyAllOutBound\",\r\n        \"id\": \"/subscriptions/0140911e-1040-48da-8bc9-b99fb3dd88a6/resourceGroups/ps4345/providers/Microsoft.Network/networkSecurityGroups/ps4469/defaultSecurityRules/DenyAllOutBound\",\r\n        \"etag\": \"W/\\\"962b3ff9-dfd3-4f05-be7e-809160d88360\\\"\",\r\n        \"type\": \"Microsoft.Network/networkSecurityGroups/defaultSecurityRules\",\r\n        \"properties\": {\r\n          \"provisioningState\": \"Updating\",\r\n          \"description\": \"Deny all outbound traffic\",\r\n          \"protocol\": \"*\",\r\n          \"sourcePortRange\": \"*\",\r\n          \"destinationPortRange\": \"*\",\r\n          \"sourceAddressPrefix\": \"*\",\r\n          \"destinationAddressPrefix\": \"*\",\r\n          \"access\": \"Deny\",\r\n          \"priority\": 65500,\r\n          \"direction\": \"Outbound\",\r\n          \"sourcePortRanges\": [],\r\n          \"destinationPortRanges\": [],\r\n          \"sourceAddressPrefixes\": [],\r\n          \"destinationAddressPrefixes\": []\r\n        }\r\n      }\r\n    ]\r\n  }\r\n}",
      "StatusCode": 201
    },
    {
      "RequestUri": "/subscriptions/0140911e-1040-48da-8bc9-b99fb3dd88a6/providers/Microsoft.Network/locations/westus/operations/c08ea8a6-1d48-46f2-824a-759b55977e1f?api-version=2019-06-01",
      "EncodedRequestUri": "L3N1YnNjcmlwdGlvbnMvMDE0MDkxMWUtMTA0MC00OGRhLThiYzktYjk5ZmIzZGQ4OGE2L3Byb3ZpZGVycy9NaWNyb3NvZnQuTmV0d29yay9sb2NhdGlvbnMvd2VzdHVzL29wZXJhdGlvbnMvYzA4ZWE4YTYtMWQ0OC00NmYyLTgyNGEtNzU5YjU1OTc3ZTFmP2FwaS12ZXJzaW9uPTIwMTktMDYtMDE=",
      "RequestMethod": "GET",
      "RequestBody": "",
      "RequestHeaders": {
        "User-Agent": [
          "FxVersion/4.6.27817.01",
          "OSName/Windows",
          "OSVersion/Microsoft.Windows.10.0.17763.",
          "Microsoft.Azure.Management.Network.NetworkManagementClient/19.14.0.0"
        ]
      },
      "ResponseHeaders": {
        "Cache-Control": [
          "no-cache"
        ],
        "Pragma": [
          "no-cache"
        ],
        "x-ms-request-id": [
          "d6ca5b61-70e1-40bb-b305-ca51af99e522"
        ],
        "x-ms-correlation-request-id": [
          "aed9ecb7-06a9-4675-a1b2-77738f2092a5"
        ],
        "x-ms-arm-service-request-id": [
          "fbb9138a-8266-4828-b8a8-d1ff4a21e3b3"
        ],
        "Strict-Transport-Security": [
          "max-age=31536000; includeSubDomains"
        ],
        "Server": [
          "Microsoft-HTTPAPI/2.0",
          "Microsoft-HTTPAPI/2.0"
        ],
        "x-ms-ratelimit-remaining-subscription-reads": [
          "11998"
        ],
        "x-ms-routing-request-id": [
          "WESTUS:20190819T173913Z:aed9ecb7-06a9-4675-a1b2-77738f2092a5"
        ],
        "X-Content-Type-Options": [
          "nosniff"
        ],
        "Date": [
          "Mon, 19 Aug 2019 17:39:13 GMT"
        ],
        "Content-Length": [
          "29"
        ],
        "Content-Type": [
          "application/json; charset=utf-8"
        ],
        "Expires": [
          "-1"
        ]
      },
      "ResponseBody": "{\r\n  \"status\": \"Succeeded\"\r\n}",
      "StatusCode": 200
    },
    {
      "RequestUri": "/subscriptions/0140911e-1040-48da-8bc9-b99fb3dd88a6/resourceGroups/ps4345/providers/Microsoft.Network/virtualNetworks/ps4494?api-version=2019-06-01",
      "EncodedRequestUri": "L3N1YnNjcmlwdGlvbnMvMDE0MDkxMWUtMTA0MC00OGRhLThiYzktYjk5ZmIzZGQ4OGE2L3Jlc291cmNlR3JvdXBzL3BzNDM0NS9wcm92aWRlcnMvTWljcm9zb2Z0Lk5ldHdvcmsvdmlydHVhbE5ldHdvcmtzL3BzNDQ5ND9hcGktdmVyc2lvbj0yMDE5LTA2LTAx",
      "RequestMethod": "GET",
      "RequestBody": "",
      "RequestHeaders": {
        "x-ms-client-request-id": [
          "2427802f-e1d2-4f42-b632-251012f92a76"
        ],
        "Accept-Language": [
          "en-US"
        ],
        "User-Agent": [
          "FxVersion/4.6.27817.01",
          "OSName/Windows",
          "OSVersion/Microsoft.Windows.10.0.17763.",
          "Microsoft.Azure.Management.Network.NetworkManagementClient/19.14.0.0"
        ]
      },
      "ResponseHeaders": {
        "Cache-Control": [
          "no-cache"
        ],
        "Pragma": [
          "no-cache"
        ],
        "x-ms-failure-cause": [
          "gateway"
        ],
        "x-ms-request-id": [
          "e891a360-4c9b-49ee-be27-52883cb8934b"
        ],
        "x-ms-correlation-request-id": [
          "e891a360-4c9b-49ee-be27-52883cb8934b"
        ],
        "x-ms-routing-request-id": [
          "WESTUS:20190819T173914Z:e891a360-4c9b-49ee-be27-52883cb8934b"
        ],
        "Strict-Transport-Security": [
          "max-age=31536000; includeSubDomains"
        ],
        "X-Content-Type-Options": [
          "nosniff"
        ],
        "Date": [
          "Mon, 19 Aug 2019 17:39:14 GMT"
        ],
        "Content-Type": [
          "application/json; charset=utf-8"
        ],
        "Expires": [
          "-1"
        ],
        "Content-Length": [
          "150"
        ]
      },
      "ResponseBody": "{\r\n  \"error\": {\r\n    \"code\": \"ResourceNotFound\",\r\n    \"message\": \"The Resource 'Microsoft.Network/virtualNetworks/ps4494' under resource group 'ps4345' was not found.\"\r\n  }\r\n}",
      "StatusCode": 404
    },
    {
      "RequestUri": "/subscriptions/0140911e-1040-48da-8bc9-b99fb3dd88a6/resourceGroups/ps4345/providers/Microsoft.Network/virtualNetworks/ps4494?api-version=2019-06-01",
      "EncodedRequestUri": "L3N1YnNjcmlwdGlvbnMvMDE0MDkxMWUtMTA0MC00OGRhLThiYzktYjk5ZmIzZGQ4OGE2L3Jlc291cmNlR3JvdXBzL3BzNDM0NS9wcm92aWRlcnMvTWljcm9zb2Z0Lk5ldHdvcmsvdmlydHVhbE5ldHdvcmtzL3BzNDQ5ND9hcGktdmVyc2lvbj0yMDE5LTA2LTAx",
      "RequestMethod": "GET",
      "RequestBody": "",
      "RequestHeaders": {
        "User-Agent": [
          "FxVersion/4.6.27817.01",
          "OSName/Windows",
          "OSVersion/Microsoft.Windows.10.0.17763.",
          "Microsoft.Azure.Management.Network.NetworkManagementClient/19.14.0.0"
        ]
      },
      "ResponseHeaders": {
        "Cache-Control": [
          "no-cache"
        ],
        "Pragma": [
          "no-cache"
        ],
        "ETag": [
          "W/\"d293845a-4f5d-4f83-8201-e06d204f63fe\""
        ],
        "x-ms-request-id": [
          "763c5895-aa3d-4269-a0f2-f25637e0d3a2"
        ],
        "x-ms-correlation-request-id": [
          "e8479ca4-7375-4043-91ad-5e223b6d0f90"
        ],
        "x-ms-arm-service-request-id": [
          "c9c43bb4-7be3-42b6-ab86-2825726e01a0"
        ],
        "Strict-Transport-Security": [
          "max-age=31536000; includeSubDomains"
        ],
        "Server": [
          "Microsoft-HTTPAPI/2.0",
          "Microsoft-HTTPAPI/2.0"
        ],
        "x-ms-ratelimit-remaining-subscription-reads": [
          "11991"
        ],
        "x-ms-routing-request-id": [
          "WESTUS:20190819T173919Z:e8479ca4-7375-4043-91ad-5e223b6d0f90"
        ],
        "X-Content-Type-Options": [
          "nosniff"
        ],
        "Date": [
          "Mon, 19 Aug 2019 17:39:19 GMT"
        ],
        "Content-Length": [
          "2276"
        ],
        "Content-Type": [
          "application/json; charset=utf-8"
        ],
        "Expires": [
          "-1"
        ]
      },
      "ResponseBody": "{\r\n  \"name\": \"ps4494\",\r\n  \"id\": \"/subscriptions/0140911e-1040-48da-8bc9-b99fb3dd88a6/resourceGroups/ps4345/providers/Microsoft.Network/virtualNetworks/ps4494\",\r\n  \"etag\": \"W/\\\"d293845a-4f5d-4f83-8201-e06d204f63fe\\\"\",\r\n  \"type\": \"Microsoft.Network/virtualNetworks\",\r\n  \"location\": \"westus\",\r\n  \"properties\": {\r\n    \"provisioningState\": \"Succeeded\",\r\n    \"resourceGuid\": \"f827e07e-ce3a-4ab3-b56b-8ca0b956ffde\",\r\n    \"addressSpace\": {\r\n      \"addressPrefixes\": [\r\n        \"10.0.0.0/16\"\r\n      ]\r\n    },\r\n    \"subnets\": [\r\n      {\r\n        \"name\": \"ps4670\",\r\n        \"id\": \"/subscriptions/0140911e-1040-48da-8bc9-b99fb3dd88a6/resourceGroups/ps4345/providers/Microsoft.Network/virtualNetworks/ps4494/subnets/ps4670\",\r\n        \"etag\": \"W/\\\"d293845a-4f5d-4f83-8201-e06d204f63fe\\\"\",\r\n        \"properties\": {\r\n          \"provisioningState\": \"Succeeded\",\r\n          \"addressPrefix\": \"10.0.1.0/24\",\r\n          \"networkSecurityGroup\": {\r\n            \"id\": \"/subscriptions/0140911e-1040-48da-8bc9-b99fb3dd88a6/resourceGroups/ps4345/providers/Microsoft.Network/networkSecurityGroups/ps4469\"\r\n          },\r\n          \"serviceEndpoints\": [],\r\n          \"delegations\": [\r\n            {\r\n              \"name\": \"adbDelegation\",\r\n              \"id\": \"/subscriptions/0140911e-1040-48da-8bc9-b99fb3dd88a6/resourceGroups/ps4345/providers/Microsoft.Network/virtualNetworks/ps4494/subnets/ps4670/delegations/adbDelegation\",\r\n              \"etag\": \"W/\\\"d293845a-4f5d-4f83-8201-e06d204f63fe\\\"\",\r\n              \"properties\": {\r\n                \"provisioningState\": \"Succeeded\",\r\n                \"serviceName\": \"Microsoft.Databricks/workspaces\",\r\n                \"actions\": [\r\n                  \"Microsoft.Network/virtualNetworks/subnets/join/action\",\r\n                  \"Microsoft.Network/virtualNetworks/subnets/prepareNetworkPolicies/action\"\r\n                ]\r\n              },\r\n              \"type\": \"Microsoft.Network/virtualNetworks/subnets/delegations\"\r\n            }\r\n          ],\r\n          \"privateEndpointNetworkPolicies\": \"Enabled\",\r\n          \"privateLinkServiceNetworkPolicies\": \"Enabled\"\r\n        },\r\n        \"type\": \"Microsoft.Network/virtualNetworks/subnets\"\r\n      }\r\n    ],\r\n    \"virtualNetworkPeerings\": [],\r\n    \"enableDdosProtection\": false,\r\n    \"enableVmProtection\": false\r\n  }\r\n}",
      "StatusCode": 200
    },
    {
      "RequestUri": "/subscriptions/0140911e-1040-48da-8bc9-b99fb3dd88a6/resourceGroups/ps4345/providers/Microsoft.Network/virtualNetworks/ps4494?api-version=2019-06-01",
      "EncodedRequestUri": "L3N1YnNjcmlwdGlvbnMvMDE0MDkxMWUtMTA0MC00OGRhLThiYzktYjk5ZmIzZGQ4OGE2L3Jlc291cmNlR3JvdXBzL3BzNDM0NS9wcm92aWRlcnMvTWljcm9zb2Z0Lk5ldHdvcmsvdmlydHVhbE5ldHdvcmtzL3BzNDQ5ND9hcGktdmVyc2lvbj0yMDE5LTA2LTAx",
      "RequestMethod": "GET",
      "RequestBody": "",
      "RequestHeaders": {
        "x-ms-client-request-id": [
          "d6b01280-cab2-4381-a382-968c4186bda6"
        ],
        "Accept-Language": [
          "en-US"
        ],
        "User-Agent": [
          "FxVersion/4.6.27817.01",
          "OSName/Windows",
          "OSVersion/Microsoft.Windows.10.0.17763.",
          "Microsoft.Azure.Management.Network.NetworkManagementClient/19.14.0.0"
        ]
      },
      "ResponseHeaders": {
        "Cache-Control": [
          "no-cache"
        ],
        "Pragma": [
          "no-cache"
        ],
        "ETag": [
          "W/\"d293845a-4f5d-4f83-8201-e06d204f63fe\""
        ],
        "x-ms-request-id": [
          "b273f368-f702-4310-933d-b622e86838bb"
        ],
        "x-ms-correlation-request-id": [
          "e6efeb37-6b38-403c-987d-db404b3d1bcd"
        ],
        "x-ms-arm-service-request-id": [
          "47d7edd1-5e23-471c-9fea-25b2af789151"
        ],
        "Strict-Transport-Security": [
          "max-age=31536000; includeSubDomains"
        ],
        "Server": [
          "Microsoft-HTTPAPI/2.0",
          "Microsoft-HTTPAPI/2.0"
        ],
        "x-ms-ratelimit-remaining-subscription-reads": [
          "11990"
        ],
        "x-ms-routing-request-id": [
          "WESTUS:20190819T173919Z:e6efeb37-6b38-403c-987d-db404b3d1bcd"
        ],
        "X-Content-Type-Options": [
          "nosniff"
        ],
        "Date": [
          "Mon, 19 Aug 2019 17:39:19 GMT"
        ],
        "Content-Length": [
          "2276"
        ],
        "Content-Type": [
          "application/json; charset=utf-8"
        ],
        "Expires": [
          "-1"
        ]
      },
      "ResponseBody": "{\r\n  \"name\": \"ps4494\",\r\n  \"id\": \"/subscriptions/0140911e-1040-48da-8bc9-b99fb3dd88a6/resourceGroups/ps4345/providers/Microsoft.Network/virtualNetworks/ps4494\",\r\n  \"etag\": \"W/\\\"d293845a-4f5d-4f83-8201-e06d204f63fe\\\"\",\r\n  \"type\": \"Microsoft.Network/virtualNetworks\",\r\n  \"location\": \"westus\",\r\n  \"properties\": {\r\n    \"provisioningState\": \"Succeeded\",\r\n    \"resourceGuid\": \"f827e07e-ce3a-4ab3-b56b-8ca0b956ffde\",\r\n    \"addressSpace\": {\r\n      \"addressPrefixes\": [\r\n        \"10.0.0.0/16\"\r\n      ]\r\n    },\r\n    \"subnets\": [\r\n      {\r\n        \"name\": \"ps4670\",\r\n        \"id\": \"/subscriptions/0140911e-1040-48da-8bc9-b99fb3dd88a6/resourceGroups/ps4345/providers/Microsoft.Network/virtualNetworks/ps4494/subnets/ps4670\",\r\n        \"etag\": \"W/\\\"d293845a-4f5d-4f83-8201-e06d204f63fe\\\"\",\r\n        \"properties\": {\r\n          \"provisioningState\": \"Succeeded\",\r\n          \"addressPrefix\": \"10.0.1.0/24\",\r\n          \"networkSecurityGroup\": {\r\n            \"id\": \"/subscriptions/0140911e-1040-48da-8bc9-b99fb3dd88a6/resourceGroups/ps4345/providers/Microsoft.Network/networkSecurityGroups/ps4469\"\r\n          },\r\n          \"serviceEndpoints\": [],\r\n          \"delegations\": [\r\n            {\r\n              \"name\": \"adbDelegation\",\r\n              \"id\": \"/subscriptions/0140911e-1040-48da-8bc9-b99fb3dd88a6/resourceGroups/ps4345/providers/Microsoft.Network/virtualNetworks/ps4494/subnets/ps4670/delegations/adbDelegation\",\r\n              \"etag\": \"W/\\\"d293845a-4f5d-4f83-8201-e06d204f63fe\\\"\",\r\n              \"properties\": {\r\n                \"provisioningState\": \"Succeeded\",\r\n                \"serviceName\": \"Microsoft.Databricks/workspaces\",\r\n                \"actions\": [\r\n                  \"Microsoft.Network/virtualNetworks/subnets/join/action\",\r\n                  \"Microsoft.Network/virtualNetworks/subnets/prepareNetworkPolicies/action\"\r\n                ]\r\n              },\r\n              \"type\": \"Microsoft.Network/virtualNetworks/subnets/delegations\"\r\n            }\r\n          ],\r\n          \"privateEndpointNetworkPolicies\": \"Enabled\",\r\n          \"privateLinkServiceNetworkPolicies\": \"Enabled\"\r\n        },\r\n        \"type\": \"Microsoft.Network/virtualNetworks/subnets\"\r\n      }\r\n    ],\r\n    \"virtualNetworkPeerings\": [],\r\n    \"enableDdosProtection\": false,\r\n    \"enableVmProtection\": false\r\n  }\r\n}",
      "StatusCode": 200
    },
    {
      "RequestUri": "/subscriptions/0140911e-1040-48da-8bc9-b99fb3dd88a6/resourceGroups/ps4345/providers/Microsoft.Network/virtualNetworks/ps4494?api-version=2019-06-01",
      "EncodedRequestUri": "L3N1YnNjcmlwdGlvbnMvMDE0MDkxMWUtMTA0MC00OGRhLThiYzktYjk5ZmIzZGQ4OGE2L3Jlc291cmNlR3JvdXBzL3BzNDM0NS9wcm92aWRlcnMvTWljcm9zb2Z0Lk5ldHdvcmsvdmlydHVhbE5ldHdvcmtzL3BzNDQ5ND9hcGktdmVyc2lvbj0yMDE5LTA2LTAx",
      "RequestMethod": "GET",
      "RequestBody": "",
      "RequestHeaders": {
        "x-ms-client-request-id": [
          "22ca7c2b-0b02-4729-b0d2-3a72475520b9"
        ],
        "Accept-Language": [
          "en-US"
        ],
        "User-Agent": [
          "FxVersion/4.6.27817.01",
          "OSName/Windows",
          "OSVersion/Microsoft.Windows.10.0.17763.",
          "Microsoft.Azure.Management.Network.NetworkManagementClient/19.14.0.0"
        ]
      },
      "ResponseHeaders": {
        "Cache-Control": [
          "no-cache"
        ],
        "Pragma": [
          "no-cache"
        ],
        "ETag": [
          "W/\"d293845a-4f5d-4f83-8201-e06d204f63fe\""
        ],
        "x-ms-request-id": [
          "86c6ac62-48cc-41ca-95c6-38390eece829"
        ],
        "x-ms-correlation-request-id": [
          "a9994bb3-8569-4ba1-8fbe-c810911241a6"
        ],
        "x-ms-arm-service-request-id": [
          "a8455c11-2737-4617-bc6c-1cf673878e56"
        ],
        "Strict-Transport-Security": [
          "max-age=31536000; includeSubDomains"
        ],
        "Server": [
          "Microsoft-HTTPAPI/2.0",
          "Microsoft-HTTPAPI/2.0"
        ],
        "x-ms-ratelimit-remaining-subscription-reads": [
          "11999"
        ],
        "x-ms-routing-request-id": [
          "WESTUS:20190819T173920Z:a9994bb3-8569-4ba1-8fbe-c810911241a6"
        ],
        "X-Content-Type-Options": [
          "nosniff"
        ],
        "Date": [
          "Mon, 19 Aug 2019 17:39:20 GMT"
        ],
        "Content-Length": [
          "2276"
        ],
        "Content-Type": [
          "application/json; charset=utf-8"
        ],
        "Expires": [
          "-1"
        ]
      },
      "ResponseBody": "{\r\n  \"name\": \"ps4494\",\r\n  \"id\": \"/subscriptions/0140911e-1040-48da-8bc9-b99fb3dd88a6/resourceGroups/ps4345/providers/Microsoft.Network/virtualNetworks/ps4494\",\r\n  \"etag\": \"W/\\\"d293845a-4f5d-4f83-8201-e06d204f63fe\\\"\",\r\n  \"type\": \"Microsoft.Network/virtualNetworks\",\r\n  \"location\": \"westus\",\r\n  \"properties\": {\r\n    \"provisioningState\": \"Succeeded\",\r\n    \"resourceGuid\": \"f827e07e-ce3a-4ab3-b56b-8ca0b956ffde\",\r\n    \"addressSpace\": {\r\n      \"addressPrefixes\": [\r\n        \"10.0.0.0/16\"\r\n      ]\r\n    },\r\n    \"subnets\": [\r\n      {\r\n        \"name\": \"ps4670\",\r\n        \"id\": \"/subscriptions/0140911e-1040-48da-8bc9-b99fb3dd88a6/resourceGroups/ps4345/providers/Microsoft.Network/virtualNetworks/ps4494/subnets/ps4670\",\r\n        \"etag\": \"W/\\\"d293845a-4f5d-4f83-8201-e06d204f63fe\\\"\",\r\n        \"properties\": {\r\n          \"provisioningState\": \"Succeeded\",\r\n          \"addressPrefix\": \"10.0.1.0/24\",\r\n          \"networkSecurityGroup\": {\r\n            \"id\": \"/subscriptions/0140911e-1040-48da-8bc9-b99fb3dd88a6/resourceGroups/ps4345/providers/Microsoft.Network/networkSecurityGroups/ps4469\"\r\n          },\r\n          \"serviceEndpoints\": [],\r\n          \"delegations\": [\r\n            {\r\n              \"name\": \"adbDelegation\",\r\n              \"id\": \"/subscriptions/0140911e-1040-48da-8bc9-b99fb3dd88a6/resourceGroups/ps4345/providers/Microsoft.Network/virtualNetworks/ps4494/subnets/ps4670/delegations/adbDelegation\",\r\n              \"etag\": \"W/\\\"d293845a-4f5d-4f83-8201-e06d204f63fe\\\"\",\r\n              \"properties\": {\r\n                \"provisioningState\": \"Succeeded\",\r\n                \"serviceName\": \"Microsoft.Databricks/workspaces\",\r\n                \"actions\": [\r\n                  \"Microsoft.Network/virtualNetworks/subnets/join/action\",\r\n                  \"Microsoft.Network/virtualNetworks/subnets/prepareNetworkPolicies/action\"\r\n                ]\r\n              },\r\n              \"type\": \"Microsoft.Network/virtualNetworks/subnets/delegations\"\r\n            }\r\n          ],\r\n          \"privateEndpointNetworkPolicies\": \"Enabled\",\r\n          \"privateLinkServiceNetworkPolicies\": \"Enabled\"\r\n        },\r\n        \"type\": \"Microsoft.Network/virtualNetworks/subnets\"\r\n      }\r\n    ],\r\n    \"virtualNetworkPeerings\": [],\r\n    \"enableDdosProtection\": false,\r\n    \"enableVmProtection\": false\r\n  }\r\n}",
      "StatusCode": 200
    },
    {
      "RequestUri": "/subscriptions/0140911e-1040-48da-8bc9-b99fb3dd88a6/resourceGroups/ps4345/providers/Microsoft.Network/virtualNetworks/ps4494?api-version=2019-06-01",
      "EncodedRequestUri": "L3N1YnNjcmlwdGlvbnMvMDE0MDkxMWUtMTA0MC00OGRhLThiYzktYjk5ZmIzZGQ4OGE2L3Jlc291cmNlR3JvdXBzL3BzNDM0NS9wcm92aWRlcnMvTWljcm9zb2Z0Lk5ldHdvcmsvdmlydHVhbE5ldHdvcmtzL3BzNDQ5ND9hcGktdmVyc2lvbj0yMDE5LTA2LTAx",
      "RequestMethod": "GET",
      "RequestBody": "",
      "RequestHeaders": {
        "x-ms-client-request-id": [
          "449b66ae-4d9d-465b-a5be-0ba20f1bac30"
        ],
        "Accept-Language": [
          "en-US"
        ],
        "User-Agent": [
          "FxVersion/4.6.27817.01",
          "OSName/Windows",
          "OSVersion/Microsoft.Windows.10.0.17763.",
          "Microsoft.Azure.Management.Network.NetworkManagementClient/19.14.0.0"
        ]
      },
      "ResponseHeaders": {
        "Cache-Control": [
          "no-cache"
        ],
        "Pragma": [
          "no-cache"
        ],
        "ETag": [
          "W/\"50715b2c-8e74-484a-9d23-0bb872e30d8d\""
        ],
        "x-ms-request-id": [
          "30dd086b-faa6-4ea4-9404-d62988fa599c"
        ],
        "x-ms-correlation-request-id": [
          "8f5a5ceb-f98d-40f1-aded-10813e08908f"
        ],
        "x-ms-arm-service-request-id": [
          "d6ccc10d-3ab2-4d66-a8d8-6571e9174be7"
        ],
        "Strict-Transport-Security": [
          "max-age=31536000; includeSubDomains"
        ],
        "Server": [
          "Microsoft-HTTPAPI/2.0",
          "Microsoft-HTTPAPI/2.0"
        ],
        "x-ms-ratelimit-remaining-subscription-reads": [
          "11996"
        ],
        "x-ms-routing-request-id": [
          "WESTUS:20190819T173942Z:8f5a5ceb-f98d-40f1-aded-10813e08908f"
        ],
        "X-Content-Type-Options": [
          "nosniff"
        ],
        "Date": [
          "Mon, 19 Aug 2019 17:39:41 GMT"
        ],
        "Content-Length": [
          "2516"
        ],
        "Content-Type": [
          "application/json; charset=utf-8"
        ],
        "Expires": [
          "-1"
        ]
      },
      "ResponseBody": "{\r\n  \"name\": \"ps4494\",\r\n  \"id\": \"/subscriptions/0140911e-1040-48da-8bc9-b99fb3dd88a6/resourceGroups/ps4345/providers/Microsoft.Network/virtualNetworks/ps4494\",\r\n  \"etag\": \"W/\\\"50715b2c-8e74-484a-9d23-0bb872e30d8d\\\"\",\r\n  \"type\": \"Microsoft.Network/virtualNetworks\",\r\n  \"location\": \"westus\",\r\n  \"properties\": {\r\n    \"provisioningState\": \"Succeeded\",\r\n    \"resourceGuid\": \"f827e07e-ce3a-4ab3-b56b-8ca0b956ffde\",\r\n    \"addressSpace\": {\r\n      \"addressPrefixes\": [\r\n        \"10.0.0.0/16\"\r\n      ]\r\n    },\r\n    \"subnets\": [\r\n      {\r\n        \"name\": \"ps4670\",\r\n        \"id\": \"/subscriptions/0140911e-1040-48da-8bc9-b99fb3dd88a6/resourceGroups/ps4345/providers/Microsoft.Network/virtualNetworks/ps4494/subnets/ps4670\",\r\n        \"etag\": \"W/\\\"50715b2c-8e74-484a-9d23-0bb872e30d8d\\\"\",\r\n        \"properties\": {\r\n          \"provisioningState\": \"Succeeded\",\r\n          \"addressPrefix\": \"10.0.1.0/24\",\r\n          \"networkSecurityGroup\": {\r\n            \"id\": \"/subscriptions/0140911e-1040-48da-8bc9-b99fb3dd88a6/resourceGroups/ps4345/providers/Microsoft.Network/networkSecurityGroups/ps4469\"\r\n          },\r\n          \"networkIntentPolicies\": [\r\n            {\r\n              \"id\": \"/subscriptions/0140911e-1040-48da-8bc9-b99fb3dd88a6/resourceGroups/ps4345/providers/Microsoft.Network/networkIntentPolicies/adb-westus\"\r\n            }\r\n          ],\r\n          \"serviceEndpoints\": [],\r\n          \"delegations\": [\r\n            {\r\n              \"name\": \"adbDelegation\",\r\n              \"id\": \"/subscriptions/0140911e-1040-48da-8bc9-b99fb3dd88a6/resourceGroups/ps4345/providers/Microsoft.Network/virtualNetworks/ps4494/subnets/ps4670/delegations/adbDelegation\",\r\n              \"etag\": \"W/\\\"50715b2c-8e74-484a-9d23-0bb872e30d8d\\\"\",\r\n              \"properties\": {\r\n                \"provisioningState\": \"Succeeded\",\r\n                \"serviceName\": \"Microsoft.Databricks/workspaces\",\r\n                \"actions\": [\r\n                  \"Microsoft.Network/virtualNetworks/subnets/join/action\",\r\n                  \"Microsoft.Network/virtualNetworks/subnets/prepareNetworkPolicies/action\"\r\n                ]\r\n              },\r\n              \"type\": \"Microsoft.Network/virtualNetworks/subnets/delegations\"\r\n            }\r\n          ],\r\n          \"privateEndpointNetworkPolicies\": \"Enabled\",\r\n          \"privateLinkServiceNetworkPolicies\": \"Enabled\"\r\n        },\r\n        \"type\": \"Microsoft.Network/virtualNetworks/subnets\"\r\n      }\r\n    ],\r\n    \"virtualNetworkPeerings\": [],\r\n    \"enableDdosProtection\": false,\r\n    \"enableVmProtection\": false\r\n  }\r\n}",
      "StatusCode": 200
    },
    {
      "RequestUri": "/subscriptions/0140911e-1040-48da-8bc9-b99fb3dd88a6/resourceGroups/ps4345/providers/Microsoft.Network/virtualNetworks/ps4494?api-version=2019-06-01",
      "EncodedRequestUri": "L3N1YnNjcmlwdGlvbnMvMDE0MDkxMWUtMTA0MC00OGRhLThiYzktYjk5ZmIzZGQ4OGE2L3Jlc291cmNlR3JvdXBzL3BzNDM0NS9wcm92aWRlcnMvTWljcm9zb2Z0Lk5ldHdvcmsvdmlydHVhbE5ldHdvcmtzL3BzNDQ5ND9hcGktdmVyc2lvbj0yMDE5LTA2LTAx",
      "RequestMethod": "GET",
      "RequestBody": "",
      "RequestHeaders": {
        "x-ms-client-request-id": [
          "d7c74ae4-06ff-4397-a91f-0d9c30d9f3b8"
        ],
        "Accept-Language": [
          "en-US"
        ],
        "User-Agent": [
          "FxVersion/4.6.27817.01",
          "OSName/Windows",
          "OSVersion/Microsoft.Windows.10.0.17763.",
          "Microsoft.Azure.Management.Network.NetworkManagementClient/19.14.0.0"
        ]
      },
      "ResponseHeaders": {
        "Cache-Control": [
          "no-cache"
        ],
        "Pragma": [
          "no-cache"
        ],
        "ETag": [
          "W/\"50715b2c-8e74-484a-9d23-0bb872e30d8d\""
        ],
        "x-ms-request-id": [
          "9527d5b8-dc9e-475a-aea9-4db2c9481410"
        ],
        "x-ms-correlation-request-id": [
          "37419e48-7bbb-43ef-93a2-b9948e5a0f68"
        ],
        "x-ms-arm-service-request-id": [
          "3b8ec9a0-ac19-4055-9b5b-949a393a9ddc"
        ],
        "Strict-Transport-Security": [
          "max-age=31536000; includeSubDomains"
        ],
        "Server": [
          "Microsoft-HTTPAPI/2.0",
          "Microsoft-HTTPAPI/2.0"
        ],
        "x-ms-ratelimit-remaining-subscription-reads": [
          "11999"
        ],
        "x-ms-routing-request-id": [
          "WESTUS:20190819T173942Z:37419e48-7bbb-43ef-93a2-b9948e5a0f68"
        ],
        "X-Content-Type-Options": [
          "nosniff"
        ],
        "Date": [
          "Mon, 19 Aug 2019 17:39:42 GMT"
        ],
        "Content-Length": [
          "2516"
        ],
        "Content-Type": [
          "application/json; charset=utf-8"
        ],
        "Expires": [
          "-1"
        ]
      },
      "ResponseBody": "{\r\n  \"name\": \"ps4494\",\r\n  \"id\": \"/subscriptions/0140911e-1040-48da-8bc9-b99fb3dd88a6/resourceGroups/ps4345/providers/Microsoft.Network/virtualNetworks/ps4494\",\r\n  \"etag\": \"W/\\\"50715b2c-8e74-484a-9d23-0bb872e30d8d\\\"\",\r\n  \"type\": \"Microsoft.Network/virtualNetworks\",\r\n  \"location\": \"westus\",\r\n  \"properties\": {\r\n    \"provisioningState\": \"Succeeded\",\r\n    \"resourceGuid\": \"f827e07e-ce3a-4ab3-b56b-8ca0b956ffde\",\r\n    \"addressSpace\": {\r\n      \"addressPrefixes\": [\r\n        \"10.0.0.0/16\"\r\n      ]\r\n    },\r\n    \"subnets\": [\r\n      {\r\n        \"name\": \"ps4670\",\r\n        \"id\": \"/subscriptions/0140911e-1040-48da-8bc9-b99fb3dd88a6/resourceGroups/ps4345/providers/Microsoft.Network/virtualNetworks/ps4494/subnets/ps4670\",\r\n        \"etag\": \"W/\\\"50715b2c-8e74-484a-9d23-0bb872e30d8d\\\"\",\r\n        \"properties\": {\r\n          \"provisioningState\": \"Succeeded\",\r\n          \"addressPrefix\": \"10.0.1.0/24\",\r\n          \"networkSecurityGroup\": {\r\n            \"id\": \"/subscriptions/0140911e-1040-48da-8bc9-b99fb3dd88a6/resourceGroups/ps4345/providers/Microsoft.Network/networkSecurityGroups/ps4469\"\r\n          },\r\n          \"networkIntentPolicies\": [\r\n            {\r\n              \"id\": \"/subscriptions/0140911e-1040-48da-8bc9-b99fb3dd88a6/resourceGroups/ps4345/providers/Microsoft.Network/networkIntentPolicies/adb-westus\"\r\n            }\r\n          ],\r\n          \"serviceEndpoints\": [],\r\n          \"delegations\": [\r\n            {\r\n              \"name\": \"adbDelegation\",\r\n              \"id\": \"/subscriptions/0140911e-1040-48da-8bc9-b99fb3dd88a6/resourceGroups/ps4345/providers/Microsoft.Network/virtualNetworks/ps4494/subnets/ps4670/delegations/adbDelegation\",\r\n              \"etag\": \"W/\\\"50715b2c-8e74-484a-9d23-0bb872e30d8d\\\"\",\r\n              \"properties\": {\r\n                \"provisioningState\": \"Succeeded\",\r\n                \"serviceName\": \"Microsoft.Databricks/workspaces\",\r\n                \"actions\": [\r\n                  \"Microsoft.Network/virtualNetworks/subnets/join/action\",\r\n                  \"Microsoft.Network/virtualNetworks/subnets/prepareNetworkPolicies/action\"\r\n                ]\r\n              },\r\n              \"type\": \"Microsoft.Network/virtualNetworks/subnets/delegations\"\r\n            }\r\n          ],\r\n          \"privateEndpointNetworkPolicies\": \"Enabled\",\r\n          \"privateLinkServiceNetworkPolicies\": \"Enabled\"\r\n        },\r\n        \"type\": \"Microsoft.Network/virtualNetworks/subnets\"\r\n      }\r\n    ],\r\n    \"virtualNetworkPeerings\": [],\r\n    \"enableDdosProtection\": false,\r\n    \"enableVmProtection\": false\r\n  }\r\n}",
      "StatusCode": 200
    },
    {
      "RequestUri": "/subscriptions/0140911e-1040-48da-8bc9-b99fb3dd88a6/resourceGroups/ps4345/providers/Microsoft.Network/virtualNetworks/ps4494?api-version=2019-06-01",
      "EncodedRequestUri": "L3N1YnNjcmlwdGlvbnMvMDE0MDkxMWUtMTA0MC00OGRhLThiYzktYjk5ZmIzZGQ4OGE2L3Jlc291cmNlR3JvdXBzL3BzNDM0NS9wcm92aWRlcnMvTWljcm9zb2Z0Lk5ldHdvcmsvdmlydHVhbE5ldHdvcmtzL3BzNDQ5ND9hcGktdmVyc2lvbj0yMDE5LTA2LTAx",
      "RequestMethod": "PUT",
      "RequestBody": "{\r\n  \"properties\": {\r\n    \"addressSpace\": {\r\n      \"addressPrefixes\": [\r\n        \"10.0.0.0/16\"\r\n      ]\r\n    },\r\n    \"subnets\": [\r\n      {\r\n        \"properties\": {\r\n          \"addressPrefix\": \"10.0.1.0/24\",\r\n          \"addressPrefixes\": [],\r\n          \"networkSecurityGroup\": {\r\n            \"properties\": {\r\n              \"securityRules\": [],\r\n              \"defaultSecurityRules\": []\r\n            },\r\n            \"id\": \"/subscriptions/0140911e-1040-48da-8bc9-b99fb3dd88a6/resourceGroups/ps4345/providers/Microsoft.Network/networkSecurityGroups/ps4469\",\r\n            \"tags\": {}\r\n          },\r\n          \"serviceEndpoints\": [],\r\n          \"serviceEndpointPolicies\": [],\r\n          \"resourceNavigationLinks\": [],\r\n          \"serviceAssociationLinks\": [],\r\n          \"delegations\": [\r\n            {\r\n              \"properties\": {\r\n                \"serviceName\": \"Microsoft.Databricks/workspaces\",\r\n                \"actions\": []\r\n              },\r\n              \"name\": \"adbDelegation\"\r\n            }\r\n          ],\r\n          \"privateEndpointNetworkPolicies\": \"Enabled\",\r\n          \"privateLinkServiceNetworkPolicies\": \"Enabled\"\r\n        },\r\n        \"name\": \"ps4670\"\r\n      }\r\n    ],\r\n    \"virtualNetworkPeerings\": [],\r\n    \"enableDdosProtection\": false\r\n  },\r\n  \"location\": \"westus\"\r\n}",
      "RequestHeaders": {
        "x-ms-client-request-id": [
          "48779a4a-d195-482d-8f57-07c2f3f49578"
        ],
        "Accept-Language": [
          "en-US"
        ],
        "User-Agent": [
          "FxVersion/4.6.27817.01",
          "OSName/Windows",
          "OSVersion/Microsoft.Windows.10.0.17763.",
          "Microsoft.Azure.Management.Network.NetworkManagementClient/19.14.0.0"
        ],
        "Content-Type": [
          "application/json; charset=utf-8"
        ],
        "Content-Length": [
          "1282"
        ]
      },
      "ResponseHeaders": {
        "Cache-Control": [
          "no-cache"
        ],
        "Pragma": [
          "no-cache"
        ],
        "Retry-After": [
          "3"
        ],
        "x-ms-request-id": [
          "757e2b2a-f458-4a05-a561-df28a8baddb6"
        ],
        "Azure-AsyncOperation": [
          "https://management.azure.com/subscriptions/0140911e-1040-48da-8bc9-b99fb3dd88a6/providers/Microsoft.Network/locations/westus/operations/757e2b2a-f458-4a05-a561-df28a8baddb6?api-version=2019-06-01"
        ],
        "x-ms-correlation-request-id": [
          "c8373d89-5766-4894-be03-1fbd865fc1f6"
        ],
        "x-ms-arm-service-request-id": [
          "0b204caf-52b4-49cd-b3ca-81cf2cedaebf"
        ],
        "Strict-Transport-Security": [
          "max-age=31536000; includeSubDomains"
        ],
        "Server": [
          "Microsoft-HTTPAPI/2.0",
          "Microsoft-HTTPAPI/2.0"
        ],
        "x-ms-ratelimit-remaining-subscription-writes": [
          "1199"
        ],
        "x-ms-routing-request-id": [
          "WESTUS:20190819T173916Z:c8373d89-5766-4894-be03-1fbd865fc1f6"
        ],
        "X-Content-Type-Options": [
          "nosniff"
        ],
        "Date": [
          "Mon, 19 Aug 2019 17:39:15 GMT"
        ],
        "Content-Length": [
          "2274"
        ],
        "Content-Type": [
          "application/json; charset=utf-8"
        ],
        "Expires": [
          "-1"
        ]
      },
      "ResponseBody": "{\r\n  \"name\": \"ps4494\",\r\n  \"id\": \"/subscriptions/0140911e-1040-48da-8bc9-b99fb3dd88a6/resourceGroups/ps4345/providers/Microsoft.Network/virtualNetworks/ps4494\",\r\n  \"etag\": \"W/\\\"abdbfbcc-25f3-4474-9299-1da9194b118e\\\"\",\r\n  \"type\": \"Microsoft.Network/virtualNetworks\",\r\n  \"location\": \"westus\",\r\n  \"properties\": {\r\n    \"provisioningState\": \"Updating\",\r\n    \"resourceGuid\": \"f827e07e-ce3a-4ab3-b56b-8ca0b956ffde\",\r\n    \"addressSpace\": {\r\n      \"addressPrefixes\": [\r\n        \"10.0.0.0/16\"\r\n      ]\r\n    },\r\n    \"subnets\": [\r\n      {\r\n        \"name\": \"ps4670\",\r\n        \"id\": \"/subscriptions/0140911e-1040-48da-8bc9-b99fb3dd88a6/resourceGroups/ps4345/providers/Microsoft.Network/virtualNetworks/ps4494/subnets/ps4670\",\r\n        \"etag\": \"W/\\\"abdbfbcc-25f3-4474-9299-1da9194b118e\\\"\",\r\n        \"properties\": {\r\n          \"provisioningState\": \"Updating\",\r\n          \"addressPrefix\": \"10.0.1.0/24\",\r\n          \"networkSecurityGroup\": {\r\n            \"id\": \"/subscriptions/0140911e-1040-48da-8bc9-b99fb3dd88a6/resourceGroups/ps4345/providers/Microsoft.Network/networkSecurityGroups/ps4469\"\r\n          },\r\n          \"serviceEndpoints\": [],\r\n          \"delegations\": [\r\n            {\r\n              \"name\": \"adbDelegation\",\r\n              \"id\": \"/subscriptions/0140911e-1040-48da-8bc9-b99fb3dd88a6/resourceGroups/ps4345/providers/Microsoft.Network/virtualNetworks/ps4494/subnets/ps4670/delegations/adbDelegation\",\r\n              \"etag\": \"W/\\\"abdbfbcc-25f3-4474-9299-1da9194b118e\\\"\",\r\n              \"properties\": {\r\n                \"provisioningState\": \"Succeeded\",\r\n                \"serviceName\": \"Microsoft.Databricks/workspaces\",\r\n                \"actions\": [\r\n                  \"Microsoft.Network/virtualNetworks/subnets/join/action\",\r\n                  \"Microsoft.Network/virtualNetworks/subnets/prepareNetworkPolicies/action\"\r\n                ]\r\n              },\r\n              \"type\": \"Microsoft.Network/virtualNetworks/subnets/delegations\"\r\n            }\r\n          ],\r\n          \"privateEndpointNetworkPolicies\": \"Enabled\",\r\n          \"privateLinkServiceNetworkPolicies\": \"Enabled\"\r\n        },\r\n        \"type\": \"Microsoft.Network/virtualNetworks/subnets\"\r\n      }\r\n    ],\r\n    \"virtualNetworkPeerings\": [],\r\n    \"enableDdosProtection\": false,\r\n    \"enableVmProtection\": false\r\n  }\r\n}",
      "StatusCode": 201
    },
    {
      "RequestUri": "/subscriptions/0140911e-1040-48da-8bc9-b99fb3dd88a6/providers/Microsoft.Network/locations/westus/operations/757e2b2a-f458-4a05-a561-df28a8baddb6?api-version=2019-06-01",
      "EncodedRequestUri": "L3N1YnNjcmlwdGlvbnMvMDE0MDkxMWUtMTA0MC00OGRhLThiYzktYjk5ZmIzZGQ4OGE2L3Byb3ZpZGVycy9NaWNyb3NvZnQuTmV0d29yay9sb2NhdGlvbnMvd2VzdHVzL29wZXJhdGlvbnMvNzU3ZTJiMmEtZjQ1OC00YTA1LWE1NjEtZGYyOGE4YmFkZGI2P2FwaS12ZXJzaW9uPTIwMTktMDYtMDE=",
      "RequestMethod": "GET",
      "RequestBody": "",
      "RequestHeaders": {
        "User-Agent": [
          "FxVersion/4.6.27817.01",
          "OSName/Windows",
          "OSVersion/Microsoft.Windows.10.0.17763.",
          "Microsoft.Azure.Management.Network.NetworkManagementClient/19.14.0.0"
        ]
      },
      "ResponseHeaders": {
        "Cache-Control": [
          "no-cache"
        ],
        "Pragma": [
          "no-cache"
        ],
        "x-ms-request-id": [
          "1628a945-8734-4ad5-8daa-243b42fb2599"
        ],
        "x-ms-correlation-request-id": [
          "0eeb063b-a7c5-48ce-8dbc-893a38657d09"
        ],
        "x-ms-arm-service-request-id": [
          "49fd705a-12d7-449c-9b76-9ec34297bb60"
        ],
        "Strict-Transport-Security": [
          "max-age=31536000; includeSubDomains"
        ],
        "Server": [
          "Microsoft-HTTPAPI/2.0",
          "Microsoft-HTTPAPI/2.0"
        ],
        "x-ms-ratelimit-remaining-subscription-reads": [
          "11992"
        ],
        "x-ms-routing-request-id": [
          "WESTUS:20190819T173919Z:0eeb063b-a7c5-48ce-8dbc-893a38657d09"
        ],
        "X-Content-Type-Options": [
          "nosniff"
        ],
        "Date": [
          "Mon, 19 Aug 2019 17:39:19 GMT"
        ],
        "Content-Length": [
          "29"
        ],
        "Content-Type": [
          "application/json; charset=utf-8"
        ],
        "Expires": [
          "-1"
        ]
      },
      "ResponseBody": "{\r\n  \"status\": \"Succeeded\"\r\n}",
      "StatusCode": 200
    },
    {
      "RequestUri": "/subscriptions/0140911e-1040-48da-8bc9-b99fb3dd88a6/resourceGroups/ps4345/providers/Microsoft.Network/virtualNetworks/ps4494/subnets/ps4670/PrepareNetworkPolicies?api-version=2019-06-01",
      "EncodedRequestUri": "L3N1YnNjcmlwdGlvbnMvMDE0MDkxMWUtMTA0MC00OGRhLThiYzktYjk5ZmIzZGQ4OGE2L3Jlc291cmNlR3JvdXBzL3BzNDM0NS9wcm92aWRlcnMvTWljcm9zb2Z0Lk5ldHdvcmsvdmlydHVhbE5ldHdvcmtzL3BzNDQ5NC9zdWJuZXRzL3BzNDY3MC9QcmVwYXJlTmV0d29ya1BvbGljaWVzP2FwaS12ZXJzaW9uPTIwMTktMDYtMDE=",
      "RequestMethod": "POST",
      "RequestBody": "{\r\n  \"serviceName\": \"Microsoft.Databricks/workspaces\"\r\n}",
      "RequestHeaders": {
        "x-ms-client-request-id": [
          "4ae5edd9-32ce-49ef-bdae-73d0f67c382e"
        ],
        "Accept-Language": [
          "en-US"
        ],
        "User-Agent": [
          "FxVersion/4.6.27817.01",
          "OSName/Windows",
          "OSVersion/Microsoft.Windows.10.0.17763.",
          "Microsoft.Azure.Management.Network.NetworkManagementClient/19.14.0.0"
        ],
        "Content-Type": [
          "application/json; charset=utf-8"
        ],
        "Content-Length": [
          "56"
        ]
      },
      "ResponseHeaders": {
        "Cache-Control": [
          "no-cache"
        ],
        "Pragma": [
          "no-cache"
        ],
        "Location": [
          "https://management.azure.com/subscriptions/0140911e-1040-48da-8bc9-b99fb3dd88a6/providers/Microsoft.Network/locations/westus/operationResults/3783e678-5493-4391-bdef-b39f203705cf?api-version=2019-06-01"
        ],
        "Retry-After": [
          "10"
        ],
        "x-ms-request-id": [
          "3783e678-5493-4391-bdef-b39f203705cf"
        ],
        "Azure-AsyncOperation": [
          "https://management.azure.com/subscriptions/0140911e-1040-48da-8bc9-b99fb3dd88a6/providers/Microsoft.Network/locations/westus/operations/3783e678-5493-4391-bdef-b39f203705cf?api-version=2019-06-01"
        ],
        "x-ms-correlation-request-id": [
          "0a10d9c3-a884-4c2a-96d2-729ecf22f6aa"
        ],
        "x-ms-arm-service-request-id": [
          "e2f42e32-5c18-4bd1-bd7e-f45a71171d16"
        ],
        "Strict-Transport-Security": [
          "max-age=31536000; includeSubDomains"
        ],
        "Server": [
          "Microsoft-HTTPAPI/2.0",
          "Microsoft-HTTPAPI/2.0"
        ],
        "x-ms-ratelimit-remaining-subscription-writes": [
          "1199"
        ],
        "x-ms-routing-request-id": [
          "WESTUS:20190819T173921Z:0a10d9c3-a884-4c2a-96d2-729ecf22f6aa"
        ],
        "X-Content-Type-Options": [
          "nosniff"
        ],
        "Date": [
          "Mon, 19 Aug 2019 17:39:21 GMT"
        ],
        "Expires": [
          "-1"
        ],
        "Content-Length": [
          "0"
        ]
      },
      "ResponseBody": "",
      "StatusCode": 202
    },
    {
      "RequestUri": "/subscriptions/0140911e-1040-48da-8bc9-b99fb3dd88a6/providers/Microsoft.Network/locations/westus/operations/3783e678-5493-4391-bdef-b39f203705cf?api-version=2019-06-01",
      "EncodedRequestUri": "L3N1YnNjcmlwdGlvbnMvMDE0MDkxMWUtMTA0MC00OGRhLThiYzktYjk5ZmIzZGQ4OGE2L3Byb3ZpZGVycy9NaWNyb3NvZnQuTmV0d29yay9sb2NhdGlvbnMvd2VzdHVzL29wZXJhdGlvbnMvMzc4M2U2NzgtNTQ5My00MzkxLWJkZWYtYjM5ZjIwMzcwNWNmP2FwaS12ZXJzaW9uPTIwMTktMDYtMDE=",
      "RequestMethod": "GET",
      "RequestBody": "",
      "RequestHeaders": {
        "User-Agent": [
          "FxVersion/4.6.27817.01",
          "OSName/Windows",
          "OSVersion/Microsoft.Windows.10.0.17763.",
          "Microsoft.Azure.Management.Network.NetworkManagementClient/19.14.0.0"
        ]
      },
      "ResponseHeaders": {
        "Cache-Control": [
          "no-cache"
        ],
        "Pragma": [
          "no-cache"
        ],
        "Retry-After": [
          "10"
        ],
        "x-ms-request-id": [
          "bb373afe-6f2f-43b6-9146-29cdb81fd6bb"
        ],
        "x-ms-correlation-request-id": [
          "66d0b716-32ad-484a-b644-cc8757152db3"
        ],
        "x-ms-arm-service-request-id": [
          "6f124946-654d-4553-a5f8-1e15e81b5e4c"
        ],
        "Strict-Transport-Security": [
          "max-age=31536000; includeSubDomains"
        ],
        "Server": [
          "Microsoft-HTTPAPI/2.0",
          "Microsoft-HTTPAPI/2.0"
        ],
        "x-ms-ratelimit-remaining-subscription-reads": [
          "11999"
        ],
        "x-ms-routing-request-id": [
          "WESTUS:20190819T173932Z:66d0b716-32ad-484a-b644-cc8757152db3"
        ],
        "X-Content-Type-Options": [
          "nosniff"
        ],
        "Date": [
          "Mon, 19 Aug 2019 17:39:31 GMT"
        ],
        "Content-Length": [
          "30"
        ],
        "Content-Type": [
          "application/json; charset=utf-8"
        ],
        "Expires": [
          "-1"
        ]
      },
      "ResponseBody": "{\r\n  \"status\": \"InProgress\"\r\n}",
      "StatusCode": 200
    },
    {
      "RequestUri": "/subscriptions/0140911e-1040-48da-8bc9-b99fb3dd88a6/providers/Microsoft.Network/locations/westus/operations/3783e678-5493-4391-bdef-b39f203705cf?api-version=2019-06-01",
      "EncodedRequestUri": "L3N1YnNjcmlwdGlvbnMvMDE0MDkxMWUtMTA0MC00OGRhLThiYzktYjk5ZmIzZGQ4OGE2L3Byb3ZpZGVycy9NaWNyb3NvZnQuTmV0d29yay9sb2NhdGlvbnMvd2VzdHVzL29wZXJhdGlvbnMvMzc4M2U2NzgtNTQ5My00MzkxLWJkZWYtYjM5ZjIwMzcwNWNmP2FwaS12ZXJzaW9uPTIwMTktMDYtMDE=",
      "RequestMethod": "GET",
      "RequestBody": "",
      "RequestHeaders": {
        "User-Agent": [
          "FxVersion/4.6.27817.01",
          "OSName/Windows",
          "OSVersion/Microsoft.Windows.10.0.17763.",
          "Microsoft.Azure.Management.Network.NetworkManagementClient/19.14.0.0"
        ]
      },
      "ResponseHeaders": {
        "Cache-Control": [
          "no-cache"
        ],
        "Pragma": [
          "no-cache"
        ],
        "x-ms-request-id": [
          "ff314049-d2ed-425f-85e0-55a04d3f7f6b"
        ],
        "x-ms-correlation-request-id": [
          "0d4129be-f144-4668-b2eb-ef95c0986292"
        ],
        "x-ms-arm-service-request-id": [
          "4ac537de-6cd2-440e-95a9-906d109490f2"
        ],
        "Strict-Transport-Security": [
          "max-age=31536000; includeSubDomains"
        ],
        "Server": [
          "Microsoft-HTTPAPI/2.0",
          "Microsoft-HTTPAPI/2.0"
        ],
        "x-ms-ratelimit-remaining-subscription-reads": [
          "11998"
        ],
        "x-ms-routing-request-id": [
          "WESTUS:20190819T173942Z:0d4129be-f144-4668-b2eb-ef95c0986292"
        ],
        "X-Content-Type-Options": [
          "nosniff"
        ],
        "Date": [
          "Mon, 19 Aug 2019 17:39:41 GMT"
        ],
        "Content-Length": [
          "50"
        ],
        "Content-Type": [
          "application/json; charset=utf-8"
        ],
        "Expires": [
          "-1"
        ]
      },
      "ResponseBody": "{\r\n  \"status\": \"Succeeded\",\r\n  \"properties\": {}\r\n}",
      "StatusCode": 200
    },
    {
      "RequestUri": "/subscriptions/0140911e-1040-48da-8bc9-b99fb3dd88a6/providers/Microsoft.Network/locations/westus/operationResults/3783e678-5493-4391-bdef-b39f203705cf?api-version=2019-06-01",
      "EncodedRequestUri": "L3N1YnNjcmlwdGlvbnMvMDE0MDkxMWUtMTA0MC00OGRhLThiYzktYjk5ZmIzZGQ4OGE2L3Byb3ZpZGVycy9NaWNyb3NvZnQuTmV0d29yay9sb2NhdGlvbnMvd2VzdHVzL29wZXJhdGlvblJlc3VsdHMvMzc4M2U2NzgtNTQ5My00MzkxLWJkZWYtYjM5ZjIwMzcwNWNmP2FwaS12ZXJzaW9uPTIwMTktMDYtMDE=",
      "RequestMethod": "GET",
      "RequestBody": "",
      "RequestHeaders": {
        "User-Agent": [
          "FxVersion/4.6.27817.01",
          "OSName/Windows",
          "OSVersion/Microsoft.Windows.10.0.17763.",
          "Microsoft.Azure.Management.Network.NetworkManagementClient/19.14.0.0"
        ]
      },
      "ResponseHeaders": {
        "Cache-Control": [
          "no-cache"
        ],
        "Pragma": [
          "no-cache"
        ],
        "Location": [
          "https://management.azure.com/subscriptions/0140911e-1040-48da-8bc9-b99fb3dd88a6/providers/Microsoft.Network/locations/westus/operationResults/3783e678-5493-4391-bdef-b39f203705cf?api-version=2019-06-01"
        ],
        "x-ms-request-id": [
          "3783e678-5493-4391-bdef-b39f203705cf"
        ],
        "Azure-AsyncOperation": [
          "https://management.azure.com/subscriptions/0140911e-1040-48da-8bc9-b99fb3dd88a6/providers/Microsoft.Network/locations/westus/operations/3783e678-5493-4391-bdef-b39f203705cf?api-version=2019-06-01"
        ],
        "x-ms-correlation-request-id": [
          "0a10d9c3-a884-4c2a-96d2-729ecf22f6aa"
        ],
        "x-ms-arm-service-request-id": [
          "e2f42e32-5c18-4bd1-bd7e-f45a71171d16"
        ],
        "Strict-Transport-Security": [
          "max-age=31536000; includeSubDomains"
        ],
        "Server": [
          "Microsoft-HTTPAPI/2.0",
          "Microsoft-HTTPAPI/2.0"
        ],
        "x-ms-ratelimit-remaining-subscription-reads": [
          "11997"
        ],
        "x-ms-routing-request-id": [
          "WESTUS:20190819T173942Z:6f4e4024-f8fe-4e84-9612-d07aeb090a34"
        ],
        "X-Content-Type-Options": [
          "nosniff"
        ],
        "Date": [
          "Mon, 19 Aug 2019 17:39:41 GMT"
        ],
        "Content-Length": [
          "4"
        ],
        "Content-Type": [
          "application/json; charset=utf-8"
        ],
        "Expires": [
          "-1"
        ]
      },
      "ResponseBody": "null",
      "StatusCode": 200
    },
    {
      "RequestUri": "/subscriptions/0140911e-1040-48da-8bc9-b99fb3dd88a6/resourcegroups/ps4345?api-version=2016-09-01",
      "EncodedRequestUri": "L3N1YnNjcmlwdGlvbnMvMDE0MDkxMWUtMTA0MC00OGRhLThiYzktYjk5ZmIzZGQ4OGE2L3Jlc291cmNlZ3JvdXBzL3BzNDM0NT9hcGktdmVyc2lvbj0yMDE2LTA5LTAx",
      "RequestMethod": "DELETE",
      "RequestBody": "",
      "RequestHeaders": {
        "x-ms-client-request-id": [
          "70a79930-6267-48b3-a0c8-e20dcc52bd23"
        ],
        "Accept-Language": [
          "en-US"
        ],
        "User-Agent": [
          "FxVersion/4.6.27817.01",
          "OSName/Windows",
          "OSVersion/Microsoft.Windows.10.0.17763.",
          "Microsoft.Azure.Management.Internal.Resources.ResourceManagementClient/1.3.2"
        ]
      },
      "ResponseHeaders": {
        "Cache-Control": [
          "no-cache"
        ],
        "Pragma": [
          "no-cache"
        ],
        "Location": [
          "https://management.azure.com/subscriptions/0140911e-1040-48da-8bc9-b99fb3dd88a6/operationresults/eyJqb2JJZCI6IlJFU09VUkNFR1JPVVBERUxFVElPTkpPQi1QUzQzNDUtRUFTVFVTIiwiam9iTG9jYXRpb24iOiJlYXN0dXMifQ?api-version=2016-09-01"
        ],
        "Retry-After": [
          "15"
        ],
        "x-ms-ratelimit-remaining-subscription-deletes": [
          "14999"
        ],
        "x-ms-request-id": [
          "c68f0552-88ce-4a55-a170-2c1461a3b952"
        ],
        "x-ms-correlation-request-id": [
          "c68f0552-88ce-4a55-a170-2c1461a3b952"
        ],
        "x-ms-routing-request-id": [
          "WESTUS:20190819T173946Z:c68f0552-88ce-4a55-a170-2c1461a3b952"
        ],
        "Strict-Transport-Security": [
          "max-age=31536000; includeSubDomains"
        ],
        "X-Content-Type-Options": [
          "nosniff"
        ],
        "Date": [
          "Mon, 19 Aug 2019 17:39:45 GMT"
        ],
        "Expires": [
          "-1"
        ],
        "Content-Length": [
          "0"
        ]
      },
      "ResponseBody": "",
      "StatusCode": 202
    },
    {
      "RequestUri": "/subscriptions/0140911e-1040-48da-8bc9-b99fb3dd88a6/operationresults/eyJqb2JJZCI6IlJFU09VUkNFR1JPVVBERUxFVElPTkpPQi1QUzQzNDUtRUFTVFVTIiwiam9iTG9jYXRpb24iOiJlYXN0dXMifQ?api-version=2016-09-01",
      "EncodedRequestUri": "L3N1YnNjcmlwdGlvbnMvMDE0MDkxMWUtMTA0MC00OGRhLThiYzktYjk5ZmIzZGQ4OGE2L29wZXJhdGlvbnJlc3VsdHMvZXlKcWIySkpaQ0k2SWxKRlUwOVZVa05GUjFKUFZWQkVSVXhGVkVsUFRrcFBRaTFRVXpRek5EVXRSVUZUVkZWVElpd2lhbTlpVEc5allYUnBiMjRpT2lKbFlYTjBkWE1pZlE/YXBpLXZlcnNpb249MjAxNi0wOS0wMQ==",
      "RequestMethod": "GET",
      "RequestBody": "",
      "RequestHeaders": {
        "User-Agent": [
          "FxVersion/4.6.27817.01",
          "OSName/Windows",
          "OSVersion/Microsoft.Windows.10.0.17763.",
          "Microsoft.Azure.Management.Internal.Resources.ResourceManagementClient/1.3.2"
        ]
      },
      "ResponseHeaders": {
        "Cache-Control": [
          "no-cache"
        ],
        "Pragma": [
          "no-cache"
        ],
        "Location": [
          "https://management.azure.com/subscriptions/0140911e-1040-48da-8bc9-b99fb3dd88a6/operationresults/eyJqb2JJZCI6IlJFU09VUkNFR1JPVVBERUxFVElPTkpPQi1QUzQzNDUtRUFTVFVTIiwiam9iTG9jYXRpb24iOiJlYXN0dXMifQ?api-version=2016-09-01"
        ],
        "Retry-After": [
          "15"
        ],
        "x-ms-ratelimit-remaining-subscription-reads": [
          "11999"
        ],
        "x-ms-request-id": [
          "d25eec29-eae7-4b56-a5dc-c7bf144f80a0"
        ],
        "x-ms-correlation-request-id": [
          "d25eec29-eae7-4b56-a5dc-c7bf144f80a0"
        ],
        "x-ms-routing-request-id": [
          "WESTUS:20190819T174001Z:d25eec29-eae7-4b56-a5dc-c7bf144f80a0"
        ],
        "Strict-Transport-Security": [
          "max-age=31536000; includeSubDomains"
        ],
        "X-Content-Type-Options": [
          "nosniff"
        ],
        "Date": [
          "Mon, 19 Aug 2019 17:40:00 GMT"
        ],
        "Expires": [
          "-1"
        ],
        "Content-Length": [
          "0"
        ]
      },
      "ResponseBody": "",
      "StatusCode": 202
    },
    {
      "RequestUri": "/subscriptions/0140911e-1040-48da-8bc9-b99fb3dd88a6/operationresults/eyJqb2JJZCI6IlJFU09VUkNFR1JPVVBERUxFVElPTkpPQi1QUzQzNDUtRUFTVFVTIiwiam9iTG9jYXRpb24iOiJlYXN0dXMifQ?api-version=2016-09-01",
      "EncodedRequestUri": "L3N1YnNjcmlwdGlvbnMvMDE0MDkxMWUtMTA0MC00OGRhLThiYzktYjk5ZmIzZGQ4OGE2L29wZXJhdGlvbnJlc3VsdHMvZXlKcWIySkpaQ0k2SWxKRlUwOVZVa05GUjFKUFZWQkVSVXhGVkVsUFRrcFBRaTFRVXpRek5EVXRSVUZUVkZWVElpd2lhbTlpVEc5allYUnBiMjRpT2lKbFlYTjBkWE1pZlE/YXBpLXZlcnNpb249MjAxNi0wOS0wMQ==",
      "RequestMethod": "GET",
      "RequestBody": "",
      "RequestHeaders": {
        "User-Agent": [
          "FxVersion/4.6.27817.01",
          "OSName/Windows",
          "OSVersion/Microsoft.Windows.10.0.17763.",
          "Microsoft.Azure.Management.Internal.Resources.ResourceManagementClient/1.3.2"
        ]
      },
      "ResponseHeaders": {
        "Cache-Control": [
          "no-cache"
        ],
        "Pragma": [
          "no-cache"
        ],
        "Location": [
          "https://management.azure.com/subscriptions/0140911e-1040-48da-8bc9-b99fb3dd88a6/operationresults/eyJqb2JJZCI6IlJFU09VUkNFR1JPVVBERUxFVElPTkpPQi1QUzQzNDUtRUFTVFVTIiwiam9iTG9jYXRpb24iOiJlYXN0dXMifQ?api-version=2016-09-01"
        ],
        "Retry-After": [
          "15"
        ],
        "x-ms-ratelimit-remaining-subscription-reads": [
          "11998"
        ],
        "x-ms-request-id": [
          "c3e8ff1b-823b-4a93-b6d6-724009693a1c"
        ],
        "x-ms-correlation-request-id": [
          "c3e8ff1b-823b-4a93-b6d6-724009693a1c"
        ],
        "x-ms-routing-request-id": [
          "WESTUS:20190819T174016Z:c3e8ff1b-823b-4a93-b6d6-724009693a1c"
        ],
        "Strict-Transport-Security": [
          "max-age=31536000; includeSubDomains"
        ],
        "X-Content-Type-Options": [
          "nosniff"
        ],
        "Date": [
          "Mon, 19 Aug 2019 17:40:16 GMT"
        ],
        "Expires": [
          "-1"
        ],
        "Content-Length": [
          "0"
        ]
      },
      "ResponseBody": "",
      "StatusCode": 202
    },
    {
      "RequestUri": "/subscriptions/0140911e-1040-48da-8bc9-b99fb3dd88a6/operationresults/eyJqb2JJZCI6IlJFU09VUkNFR1JPVVBERUxFVElPTkpPQi1QUzQzNDUtRUFTVFVTIiwiam9iTG9jYXRpb24iOiJlYXN0dXMifQ?api-version=2016-09-01",
      "EncodedRequestUri": "L3N1YnNjcmlwdGlvbnMvMDE0MDkxMWUtMTA0MC00OGRhLThiYzktYjk5ZmIzZGQ4OGE2L29wZXJhdGlvbnJlc3VsdHMvZXlKcWIySkpaQ0k2SWxKRlUwOVZVa05GUjFKUFZWQkVSVXhGVkVsUFRrcFBRaTFRVXpRek5EVXRSVUZUVkZWVElpd2lhbTlpVEc5allYUnBiMjRpT2lKbFlYTjBkWE1pZlE/YXBpLXZlcnNpb249MjAxNi0wOS0wMQ==",
      "RequestMethod": "GET",
      "RequestBody": "",
      "RequestHeaders": {
        "User-Agent": [
          "FxVersion/4.6.27817.01",
          "OSName/Windows",
          "OSVersion/Microsoft.Windows.10.0.17763.",
          "Microsoft.Azure.Management.Internal.Resources.ResourceManagementClient/1.3.2"
        ]
      },
      "ResponseHeaders": {
        "Cache-Control": [
          "no-cache"
        ],
        "Pragma": [
          "no-cache"
        ],
        "Location": [
          "https://management.azure.com/subscriptions/0140911e-1040-48da-8bc9-b99fb3dd88a6/operationresults/eyJqb2JJZCI6IlJFU09VUkNFR1JPVVBERUxFVElPTkpPQi1QUzQzNDUtRUFTVFVTIiwiam9iTG9jYXRpb24iOiJlYXN0dXMifQ?api-version=2016-09-01"
        ],
        "Retry-After": [
          "15"
        ],
        "x-ms-ratelimit-remaining-subscription-reads": [
          "11997"
        ],
        "x-ms-request-id": [
          "ce79f6f0-74d5-4052-8216-16da4aa27ff4"
        ],
        "x-ms-correlation-request-id": [
          "ce79f6f0-74d5-4052-8216-16da4aa27ff4"
        ],
        "x-ms-routing-request-id": [
          "WESTUS:20190819T174031Z:ce79f6f0-74d5-4052-8216-16da4aa27ff4"
        ],
        "Strict-Transport-Security": [
          "max-age=31536000; includeSubDomains"
        ],
        "X-Content-Type-Options": [
          "nosniff"
        ],
        "Date": [
          "Mon, 19 Aug 2019 17:40:31 GMT"
        ],
        "Expires": [
          "-1"
        ],
        "Content-Length": [
          "0"
        ]
      },
      "ResponseBody": "",
      "StatusCode": 202
    },
    {
      "RequestUri": "/subscriptions/0140911e-1040-48da-8bc9-b99fb3dd88a6/operationresults/eyJqb2JJZCI6IlJFU09VUkNFR1JPVVBERUxFVElPTkpPQi1QUzQzNDUtRUFTVFVTIiwiam9iTG9jYXRpb24iOiJlYXN0dXMifQ?api-version=2016-09-01",
      "EncodedRequestUri": "L3N1YnNjcmlwdGlvbnMvMDE0MDkxMWUtMTA0MC00OGRhLThiYzktYjk5ZmIzZGQ4OGE2L29wZXJhdGlvbnJlc3VsdHMvZXlKcWIySkpaQ0k2SWxKRlUwOVZVa05GUjFKUFZWQkVSVXhGVkVsUFRrcFBRaTFRVXpRek5EVXRSVUZUVkZWVElpd2lhbTlpVEc5allYUnBiMjRpT2lKbFlYTjBkWE1pZlE/YXBpLXZlcnNpb249MjAxNi0wOS0wMQ==",
      "RequestMethod": "GET",
      "RequestBody": "",
      "RequestHeaders": {
        "User-Agent": [
          "FxVersion/4.6.27817.01",
          "OSName/Windows",
          "OSVersion/Microsoft.Windows.10.0.17763.",
          "Microsoft.Azure.Management.Internal.Resources.ResourceManagementClient/1.3.2"
        ]
      },
      "ResponseHeaders": {
        "Cache-Control": [
          "no-cache"
        ],
        "Pragma": [
          "no-cache"
        ],
        "Location": [
          "https://management.azure.com/subscriptions/0140911e-1040-48da-8bc9-b99fb3dd88a6/operationresults/eyJqb2JJZCI6IlJFU09VUkNFR1JPVVBERUxFVElPTkpPQi1QUzQzNDUtRUFTVFVTIiwiam9iTG9jYXRpb24iOiJlYXN0dXMifQ?api-version=2016-09-01"
        ],
        "Retry-After": [
          "15"
        ],
        "x-ms-ratelimit-remaining-subscription-reads": [
          "11996"
        ],
        "x-ms-request-id": [
          "634de2b9-189f-4584-9a14-e9cbb26dac72"
        ],
        "x-ms-correlation-request-id": [
          "634de2b9-189f-4584-9a14-e9cbb26dac72"
        ],
        "x-ms-routing-request-id": [
          "WESTUS:20190819T174046Z:634de2b9-189f-4584-9a14-e9cbb26dac72"
        ],
        "Strict-Transport-Security": [
          "max-age=31536000; includeSubDomains"
        ],
        "X-Content-Type-Options": [
          "nosniff"
        ],
        "Date": [
          "Mon, 19 Aug 2019 17:40:46 GMT"
        ],
        "Expires": [
          "-1"
        ],
        "Content-Length": [
          "0"
        ]
      },
      "ResponseBody": "",
      "StatusCode": 202
    },
    {
      "RequestUri": "/subscriptions/0140911e-1040-48da-8bc9-b99fb3dd88a6/operationresults/eyJqb2JJZCI6IlJFU09VUkNFR1JPVVBERUxFVElPTkpPQi1QUzQzNDUtRUFTVFVTIiwiam9iTG9jYXRpb24iOiJlYXN0dXMifQ?api-version=2016-09-01",
      "EncodedRequestUri": "L3N1YnNjcmlwdGlvbnMvMDE0MDkxMWUtMTA0MC00OGRhLThiYzktYjk5ZmIzZGQ4OGE2L29wZXJhdGlvbnJlc3VsdHMvZXlKcWIySkpaQ0k2SWxKRlUwOVZVa05GUjFKUFZWQkVSVXhGVkVsUFRrcFBRaTFRVXpRek5EVXRSVUZUVkZWVElpd2lhbTlpVEc5allYUnBiMjRpT2lKbFlYTjBkWE1pZlE/YXBpLXZlcnNpb249MjAxNi0wOS0wMQ==",
      "RequestMethod": "GET",
      "RequestBody": "",
      "RequestHeaders": {
        "User-Agent": [
          "FxVersion/4.6.27817.01",
          "OSName/Windows",
          "OSVersion/Microsoft.Windows.10.0.17763.",
          "Microsoft.Azure.Management.Internal.Resources.ResourceManagementClient/1.3.2"
        ]
      },
      "ResponseHeaders": {
        "Cache-Control": [
          "no-cache"
        ],
        "Pragma": [
          "no-cache"
        ],
        "Location": [
          "https://management.azure.com/subscriptions/0140911e-1040-48da-8bc9-b99fb3dd88a6/operationresults/eyJqb2JJZCI6IlJFU09VUkNFR1JPVVBERUxFVElPTkpPQi1QUzQzNDUtRUFTVFVTIiwiam9iTG9jYXRpb24iOiJlYXN0dXMifQ?api-version=2016-09-01"
        ],
        "Retry-After": [
          "15"
        ],
        "x-ms-ratelimit-remaining-subscription-reads": [
          "11995"
        ],
        "x-ms-request-id": [
          "efe1921c-784e-433b-bb5a-e209fe452c5b"
        ],
        "x-ms-correlation-request-id": [
          "efe1921c-784e-433b-bb5a-e209fe452c5b"
        ],
        "x-ms-routing-request-id": [
          "WESTUS:20190819T174101Z:efe1921c-784e-433b-bb5a-e209fe452c5b"
        ],
        "Strict-Transport-Security": [
          "max-age=31536000; includeSubDomains"
        ],
        "X-Content-Type-Options": [
          "nosniff"
        ],
        "Date": [
          "Mon, 19 Aug 2019 17:41:01 GMT"
        ],
        "Expires": [
          "-1"
        ],
        "Content-Length": [
          "0"
        ]
      },
      "ResponseBody": "",
      "StatusCode": 202
    },
    {
      "RequestUri": "/subscriptions/0140911e-1040-48da-8bc9-b99fb3dd88a6/operationresults/eyJqb2JJZCI6IlJFU09VUkNFR1JPVVBERUxFVElPTkpPQi1QUzQzNDUtRUFTVFVTIiwiam9iTG9jYXRpb24iOiJlYXN0dXMifQ?api-version=2016-09-01",
      "EncodedRequestUri": "L3N1YnNjcmlwdGlvbnMvMDE0MDkxMWUtMTA0MC00OGRhLThiYzktYjk5ZmIzZGQ4OGE2L29wZXJhdGlvbnJlc3VsdHMvZXlKcWIySkpaQ0k2SWxKRlUwOVZVa05GUjFKUFZWQkVSVXhGVkVsUFRrcFBRaTFRVXpRek5EVXRSVUZUVkZWVElpd2lhbTlpVEc5allYUnBiMjRpT2lKbFlYTjBkWE1pZlE/YXBpLXZlcnNpb249MjAxNi0wOS0wMQ==",
      "RequestMethod": "GET",
      "RequestBody": "",
      "RequestHeaders": {
        "User-Agent": [
          "FxVersion/4.6.27817.01",
          "OSName/Windows",
          "OSVersion/Microsoft.Windows.10.0.17763.",
          "Microsoft.Azure.Management.Internal.Resources.ResourceManagementClient/1.3.2"
        ]
      },
      "ResponseHeaders": {
        "Cache-Control": [
          "no-cache"
        ],
        "Pragma": [
          "no-cache"
        ],
        "Location": [
          "https://management.azure.com/subscriptions/0140911e-1040-48da-8bc9-b99fb3dd88a6/operationresults/eyJqb2JJZCI6IlJFU09VUkNFR1JPVVBERUxFVElPTkpPQi1QUzQzNDUtRUFTVFVTIiwiam9iTG9jYXRpb24iOiJlYXN0dXMifQ?api-version=2016-09-01"
        ],
        "Retry-After": [
          "15"
        ],
        "x-ms-ratelimit-remaining-subscription-reads": [
          "11994"
        ],
        "x-ms-request-id": [
          "3bf28a32-40d8-4cf6-9265-582c7fdd63d2"
        ],
        "x-ms-correlation-request-id": [
          "3bf28a32-40d8-4cf6-9265-582c7fdd63d2"
        ],
        "x-ms-routing-request-id": [
          "WESTUS:20190819T174117Z:3bf28a32-40d8-4cf6-9265-582c7fdd63d2"
        ],
        "Strict-Transport-Security": [
          "max-age=31536000; includeSubDomains"
        ],
        "X-Content-Type-Options": [
          "nosniff"
        ],
        "Date": [
          "Mon, 19 Aug 2019 17:41:16 GMT"
        ],
        "Expires": [
          "-1"
        ],
        "Content-Length": [
          "0"
        ]
      },
      "ResponseBody": "",
      "StatusCode": 202
    },
    {
      "RequestUri": "/subscriptions/0140911e-1040-48da-8bc9-b99fb3dd88a6/operationresults/eyJqb2JJZCI6IlJFU09VUkNFR1JPVVBERUxFVElPTkpPQi1QUzQzNDUtRUFTVFVTIiwiam9iTG9jYXRpb24iOiJlYXN0dXMifQ?api-version=2016-09-01",
      "EncodedRequestUri": "L3N1YnNjcmlwdGlvbnMvMDE0MDkxMWUtMTA0MC00OGRhLThiYzktYjk5ZmIzZGQ4OGE2L29wZXJhdGlvbnJlc3VsdHMvZXlKcWIySkpaQ0k2SWxKRlUwOVZVa05GUjFKUFZWQkVSVXhGVkVsUFRrcFBRaTFRVXpRek5EVXRSVUZUVkZWVElpd2lhbTlpVEc5allYUnBiMjRpT2lKbFlYTjBkWE1pZlE/YXBpLXZlcnNpb249MjAxNi0wOS0wMQ==",
      "RequestMethod": "GET",
      "RequestBody": "",
      "RequestHeaders": {
        "User-Agent": [
          "FxVersion/4.6.27817.01",
          "OSName/Windows",
          "OSVersion/Microsoft.Windows.10.0.17763.",
          "Microsoft.Azure.Management.Internal.Resources.ResourceManagementClient/1.3.2"
        ]
      },
      "ResponseHeaders": {
        "Cache-Control": [
          "no-cache"
        ],
        "Pragma": [
          "no-cache"
        ],
        "Location": [
          "https://management.azure.com/subscriptions/0140911e-1040-48da-8bc9-b99fb3dd88a6/operationresults/eyJqb2JJZCI6IlJFU09VUkNFR1JPVVBERUxFVElPTkpPQi1QUzQzNDUtRUFTVFVTIiwiam9iTG9jYXRpb24iOiJlYXN0dXMifQ?api-version=2016-09-01"
        ],
        "Retry-After": [
          "15"
        ],
        "x-ms-ratelimit-remaining-subscription-reads": [
          "11993"
        ],
        "x-ms-request-id": [
          "518de17b-f141-42a6-967d-e2524d7d9e10"
        ],
        "x-ms-correlation-request-id": [
          "518de17b-f141-42a6-967d-e2524d7d9e10"
        ],
        "x-ms-routing-request-id": [
          "WESTUS:20190819T174132Z:518de17b-f141-42a6-967d-e2524d7d9e10"
        ],
        "Strict-Transport-Security": [
          "max-age=31536000; includeSubDomains"
        ],
        "X-Content-Type-Options": [
          "nosniff"
        ],
        "Date": [
          "Mon, 19 Aug 2019 17:41:31 GMT"
        ],
        "Expires": [
          "-1"
        ],
        "Content-Length": [
          "0"
        ]
      },
      "ResponseBody": "",
      "StatusCode": 202
    },
    {
      "RequestUri": "/subscriptions/0140911e-1040-48da-8bc9-b99fb3dd88a6/operationresults/eyJqb2JJZCI6IlJFU09VUkNFR1JPVVBERUxFVElPTkpPQi1QUzQzNDUtRUFTVFVTIiwiam9iTG9jYXRpb24iOiJlYXN0dXMifQ?api-version=2016-09-01",
      "EncodedRequestUri": "L3N1YnNjcmlwdGlvbnMvMDE0MDkxMWUtMTA0MC00OGRhLThiYzktYjk5ZmIzZGQ4OGE2L29wZXJhdGlvbnJlc3VsdHMvZXlKcWIySkpaQ0k2SWxKRlUwOVZVa05GUjFKUFZWQkVSVXhGVkVsUFRrcFBRaTFRVXpRek5EVXRSVUZUVkZWVElpd2lhbTlpVEc5allYUnBiMjRpT2lKbFlYTjBkWE1pZlE/YXBpLXZlcnNpb249MjAxNi0wOS0wMQ==",
      "RequestMethod": "GET",
      "RequestBody": "",
      "RequestHeaders": {
        "User-Agent": [
          "FxVersion/4.6.27817.01",
          "OSName/Windows",
          "OSVersion/Microsoft.Windows.10.0.17763.",
          "Microsoft.Azure.Management.Internal.Resources.ResourceManagementClient/1.3.2"
        ]
      },
      "ResponseHeaders": {
        "Cache-Control": [
          "no-cache"
        ],
        "Pragma": [
          "no-cache"
        ],
        "Location": [
          "https://management.azure.com/subscriptions/0140911e-1040-48da-8bc9-b99fb3dd88a6/operationresults/eyJqb2JJZCI6IlJFU09VUkNFR1JPVVBERUxFVElPTkpPQi1QUzQzNDUtRUFTVFVTIiwiam9iTG9jYXRpb24iOiJlYXN0dXMifQ?api-version=2016-09-01"
        ],
        "Retry-After": [
          "15"
        ],
        "x-ms-ratelimit-remaining-subscription-reads": [
          "11992"
        ],
        "x-ms-request-id": [
          "ebd1c2da-b1d8-438c-8c0a-9cc8ea2ea0c6"
        ],
        "x-ms-correlation-request-id": [
          "ebd1c2da-b1d8-438c-8c0a-9cc8ea2ea0c6"
        ],
        "x-ms-routing-request-id": [
          "WESTUS:20190819T174147Z:ebd1c2da-b1d8-438c-8c0a-9cc8ea2ea0c6"
        ],
        "Strict-Transport-Security": [
          "max-age=31536000; includeSubDomains"
        ],
        "X-Content-Type-Options": [
          "nosniff"
        ],
        "Date": [
          "Mon, 19 Aug 2019 17:41:46 GMT"
        ],
        "Expires": [
          "-1"
        ],
        "Content-Length": [
          "0"
        ]
      },
      "ResponseBody": "",
      "StatusCode": 202
    },
    {
      "RequestUri": "/subscriptions/0140911e-1040-48da-8bc9-b99fb3dd88a6/operationresults/eyJqb2JJZCI6IlJFU09VUkNFR1JPVVBERUxFVElPTkpPQi1QUzQzNDUtRUFTVFVTIiwiam9iTG9jYXRpb24iOiJlYXN0dXMifQ?api-version=2016-09-01",
      "EncodedRequestUri": "L3N1YnNjcmlwdGlvbnMvMDE0MDkxMWUtMTA0MC00OGRhLThiYzktYjk5ZmIzZGQ4OGE2L29wZXJhdGlvbnJlc3VsdHMvZXlKcWIySkpaQ0k2SWxKRlUwOVZVa05GUjFKUFZWQkVSVXhGVkVsUFRrcFBRaTFRVXpRek5EVXRSVUZUVkZWVElpd2lhbTlpVEc5allYUnBiMjRpT2lKbFlYTjBkWE1pZlE/YXBpLXZlcnNpb249MjAxNi0wOS0wMQ==",
      "RequestMethod": "GET",
      "RequestBody": "",
      "RequestHeaders": {
        "User-Agent": [
          "FxVersion/4.6.27817.01",
          "OSName/Windows",
          "OSVersion/Microsoft.Windows.10.0.17763.",
          "Microsoft.Azure.Management.Internal.Resources.ResourceManagementClient/1.3.2"
        ]
      },
      "ResponseHeaders": {
        "Cache-Control": [
          "no-cache"
        ],
        "Pragma": [
          "no-cache"
        ],
        "Location": [
          "https://management.azure.com/subscriptions/0140911e-1040-48da-8bc9-b99fb3dd88a6/operationresults/eyJqb2JJZCI6IlJFU09VUkNFR1JPVVBERUxFVElPTkpPQi1QUzQzNDUtRUFTVFVTIiwiam9iTG9jYXRpb24iOiJlYXN0dXMifQ?api-version=2016-09-01"
        ],
        "Retry-After": [
          "15"
        ],
        "x-ms-ratelimit-remaining-subscription-reads": [
          "11991"
        ],
        "x-ms-request-id": [
          "931b158f-9b41-43b8-9640-79db5e59e373"
        ],
        "x-ms-correlation-request-id": [
          "931b158f-9b41-43b8-9640-79db5e59e373"
        ],
        "x-ms-routing-request-id": [
          "WESTUS:20190819T174202Z:931b158f-9b41-43b8-9640-79db5e59e373"
        ],
        "Strict-Transport-Security": [
          "max-age=31536000; includeSubDomains"
        ],
        "X-Content-Type-Options": [
          "nosniff"
        ],
        "Date": [
          "Mon, 19 Aug 2019 17:42:02 GMT"
        ],
        "Expires": [
          "-1"
        ],
        "Content-Length": [
          "0"
        ]
      },
      "ResponseBody": "",
      "StatusCode": 202
    },
    {
      "RequestUri": "/subscriptions/0140911e-1040-48da-8bc9-b99fb3dd88a6/operationresults/eyJqb2JJZCI6IlJFU09VUkNFR1JPVVBERUxFVElPTkpPQi1QUzQzNDUtRUFTVFVTIiwiam9iTG9jYXRpb24iOiJlYXN0dXMifQ?api-version=2016-09-01",
      "EncodedRequestUri": "L3N1YnNjcmlwdGlvbnMvMDE0MDkxMWUtMTA0MC00OGRhLThiYzktYjk5ZmIzZGQ4OGE2L29wZXJhdGlvbnJlc3VsdHMvZXlKcWIySkpaQ0k2SWxKRlUwOVZVa05GUjFKUFZWQkVSVXhGVkVsUFRrcFBRaTFRVXpRek5EVXRSVUZUVkZWVElpd2lhbTlpVEc5allYUnBiMjRpT2lKbFlYTjBkWE1pZlE/YXBpLXZlcnNpb249MjAxNi0wOS0wMQ==",
      "RequestMethod": "GET",
      "RequestBody": "",
      "RequestHeaders": {
        "User-Agent": [
          "FxVersion/4.6.27817.01",
          "OSName/Windows",
          "OSVersion/Microsoft.Windows.10.0.17763.",
          "Microsoft.Azure.Management.Internal.Resources.ResourceManagementClient/1.3.2"
        ]
      },
      "ResponseHeaders": {
        "Cache-Control": [
          "no-cache"
        ],
        "Pragma": [
          "no-cache"
        ],
        "Location": [
          "https://management.azure.com/subscriptions/0140911e-1040-48da-8bc9-b99fb3dd88a6/operationresults/eyJqb2JJZCI6IlJFU09VUkNFR1JPVVBERUxFVElPTkpPQi1QUzQzNDUtRUFTVFVTIiwiam9iTG9jYXRpb24iOiJlYXN0dXMifQ?api-version=2016-09-01"
        ],
        "Retry-After": [
          "15"
        ],
        "x-ms-ratelimit-remaining-subscription-reads": [
          "11990"
        ],
        "x-ms-request-id": [
          "18790e29-a415-4e01-9efb-227e82ca64d3"
        ],
        "x-ms-correlation-request-id": [
          "18790e29-a415-4e01-9efb-227e82ca64d3"
        ],
        "x-ms-routing-request-id": [
          "WESTUS:20190819T174217Z:18790e29-a415-4e01-9efb-227e82ca64d3"
        ],
        "Strict-Transport-Security": [
          "max-age=31536000; includeSubDomains"
        ],
        "X-Content-Type-Options": [
          "nosniff"
        ],
        "Date": [
          "Mon, 19 Aug 2019 17:42:17 GMT"
        ],
        "Expires": [
          "-1"
        ],
        "Content-Length": [
          "0"
        ]
      },
      "ResponseBody": "",
      "StatusCode": 202
    },
    {
      "RequestUri": "/subscriptions/0140911e-1040-48da-8bc9-b99fb3dd88a6/operationresults/eyJqb2JJZCI6IlJFU09VUkNFR1JPVVBERUxFVElPTkpPQi1QUzQzNDUtRUFTVFVTIiwiam9iTG9jYXRpb24iOiJlYXN0dXMifQ?api-version=2016-09-01",
      "EncodedRequestUri": "L3N1YnNjcmlwdGlvbnMvMDE0MDkxMWUtMTA0MC00OGRhLThiYzktYjk5ZmIzZGQ4OGE2L29wZXJhdGlvbnJlc3VsdHMvZXlKcWIySkpaQ0k2SWxKRlUwOVZVa05GUjFKUFZWQkVSVXhGVkVsUFRrcFBRaTFRVXpRek5EVXRSVUZUVkZWVElpd2lhbTlpVEc5allYUnBiMjRpT2lKbFlYTjBkWE1pZlE/YXBpLXZlcnNpb249MjAxNi0wOS0wMQ==",
      "RequestMethod": "GET",
      "RequestBody": "",
      "RequestHeaders": {
        "User-Agent": [
          "FxVersion/4.6.27817.01",
          "OSName/Windows",
          "OSVersion/Microsoft.Windows.10.0.17763.",
          "Microsoft.Azure.Management.Internal.Resources.ResourceManagementClient/1.3.2"
        ]
      },
      "ResponseHeaders": {
        "Cache-Control": [
          "no-cache"
        ],
        "Pragma": [
          "no-cache"
        ],
        "x-ms-ratelimit-remaining-subscription-reads": [
          "11989"
        ],
        "x-ms-request-id": [
          "7e1e4300-0dda-40d0-9307-79097fee5212"
        ],
        "x-ms-correlation-request-id": [
          "7e1e4300-0dda-40d0-9307-79097fee5212"
        ],
        "x-ms-routing-request-id": [
          "WESTUS:20190819T174232Z:7e1e4300-0dda-40d0-9307-79097fee5212"
        ],
        "Strict-Transport-Security": [
          "max-age=31536000; includeSubDomains"
        ],
        "X-Content-Type-Options": [
          "nosniff"
        ],
        "Date": [
          "Mon, 19 Aug 2019 17:42:32 GMT"
        ],
        "Expires": [
          "-1"
        ],
        "Content-Length": [
          "0"
        ]
      },
      "ResponseBody": "",
      "StatusCode": 200
    },
    {
      "RequestUri": "/subscriptions/0140911e-1040-48da-8bc9-b99fb3dd88a6/operationresults/eyJqb2JJZCI6IlJFU09VUkNFR1JPVVBERUxFVElPTkpPQi1QUzQzNDUtRUFTVFVTIiwiam9iTG9jYXRpb24iOiJlYXN0dXMifQ?api-version=2016-09-01",
      "EncodedRequestUri": "L3N1YnNjcmlwdGlvbnMvMDE0MDkxMWUtMTA0MC00OGRhLThiYzktYjk5ZmIzZGQ4OGE2L29wZXJhdGlvbnJlc3VsdHMvZXlKcWIySkpaQ0k2SWxKRlUwOVZVa05GUjFKUFZWQkVSVXhGVkVsUFRrcFBRaTFRVXpRek5EVXRSVUZUVkZWVElpd2lhbTlpVEc5allYUnBiMjRpT2lKbFlYTjBkWE1pZlE/YXBpLXZlcnNpb249MjAxNi0wOS0wMQ==",
      "RequestMethod": "GET",
      "RequestBody": "",
      "RequestHeaders": {
        "User-Agent": [
          "FxVersion/4.6.27817.01",
          "OSName/Windows",
          "OSVersion/Microsoft.Windows.10.0.17763.",
          "Microsoft.Azure.Management.Internal.Resources.ResourceManagementClient/1.3.2"
        ]
      },
      "ResponseHeaders": {
        "Cache-Control": [
          "no-cache"
        ],
        "Pragma": [
          "no-cache"
        ],
        "x-ms-ratelimit-remaining-subscription-reads": [
          "11988"
        ],
        "x-ms-request-id": [
          "4b40bed2-4904-420b-b0d1-1c7cea36face"
        ],
        "x-ms-correlation-request-id": [
          "4b40bed2-4904-420b-b0d1-1c7cea36face"
        ],
        "x-ms-routing-request-id": [
          "WESTUS:20190819T174233Z:4b40bed2-4904-420b-b0d1-1c7cea36face"
        ],
        "Strict-Transport-Security": [
          "max-age=31536000; includeSubDomains"
        ],
        "X-Content-Type-Options": [
          "nosniff"
        ],
        "Date": [
          "Mon, 19 Aug 2019 17:42:32 GMT"
        ],
        "Expires": [
          "-1"
        ],
        "Content-Length": [
          "0"
        ]
      },
      "ResponseBody": "",
      "StatusCode": 200
    }
  ],
  "Names": {
    "Test-InitializeAzVirtualNetworkSubnetPolicy": [
      "ps4345",
      "ps4494",
      "ps4670",
      "ps4469"
    ]
  },
  "Variables": {
    "SubscriptionId": "0140911e-1040-48da-8bc9-b99fb3dd88a6"
  }
}